12:29:23 Device: cuda
12:29:23 Version: eog_a095_g30
12:29:23 Output: /home/sleeptech/sleeptech/project3/resnet/checkpoints/hierarchical/eog_a095_g30
12:29:23 Args: {'version': 'eog_a095_g30', 'data_dir': '../data/data_for_ai/full_ver_3class', 'csv_dir': '../data/data_for_ai/full_ver_rem_nrem', 'epochs': 50, 'batch_size': 128, 'lr': 0.001, 'weight_decay': 0.0001, 'patience': 15, 'focal_alpha': 0.95, 'focal_gamma': 3.0, 'num_workers': 4}
12:29:23 Train: 46185, Val: 15659
12:29:23 Class counts - REM: 2518, NREM: 43667
12:29:23 Sampler weights - REM: 9.17, NREM: 0.53
12:29:23 Model parameters: 168,162
12:29:24 ============================================================
12:29:24 Training started
12:29:24 ============================================================
12:29:32 
Epoch 1/50 (7.9s, lr=0.000999)
12:29:32   Train: loss=0.0116 bal_acc=0.5849
12:29:32           REM: P=0.5518 R=0.9956 F1=0.7100
12:29:32          NREM: P=0.9750 R=0.1741 F1=0.2955
12:29:32          Macro F1: 0.5027
12:29:32   Val  : loss=0.0157 bal_acc=0.6006
12:29:32           REM: P=0.0537 R=0.9478 F1=0.1016
12:29:32          NREM: P=0.9909 R=0.2535 F1=0.4037
12:29:32          Macro F1: 0.2527
12:29:32   Val CM: [[635, 35], [11189, 3800]]
12:29:32   >> New best! Macro F1=0.2527
12:29:40 
Epoch 2/50 (7.4s, lr=0.000996)
12:29:40   Train: loss=0.0102 bal_acc=0.6375
12:29:40           REM: P=0.5794 R=0.9971 F1=0.7329
12:29:40          NREM: P=0.9897 R=0.2779 F1=0.4339
12:29:40          Macro F1: 0.5834
12:29:40   Val  : loss=0.0114 bal_acc=0.6675
12:29:40           REM: P=0.0675 R=0.8761 F1=0.1253
12:29:40          NREM: P=0.9881 R=0.4588 F1=0.6266
12:29:40          Macro F1: 0.3760
12:29:40   Val CM: [[587, 83], [8112, 6877]]
12:29:40   >> New best! Macro F1=0.3760
12:29:47 
Epoch 3/50 (7.4s, lr=0.000991)
12:29:47   Train: loss=0.0096 bal_acc=0.6557
12:29:47           REM: P=0.5940 R=0.9968 F1=0.7444
12:29:47          NREM: P=0.9899 R=0.3146 F1=0.4775
12:29:47          Macro F1: 0.6109
12:29:47   Val  : loss=0.0132 bal_acc=0.6471
12:29:47           REM: P=0.0612 R=0.9358 F1=0.1149
12:29:47          NREM: P=0.9921 R=0.3584 F1=0.5266
12:29:47          Macro F1: 0.3207
12:29:47   Val CM: [[627, 43], [9617, 5372]]
12:29:47   Patience: 1/15
12:29:55 
Epoch 4/50 (7.4s, lr=0.000984)
12:29:55   Train: loss=0.0092 bal_acc=0.6647
12:29:55           REM: P=0.6008 R=0.9968 F1=0.7497
12:29:55          NREM: P=0.9904 R=0.3326 F1=0.4980
12:29:55          Macro F1: 0.6239
12:29:55   Val  : loss=0.0158 bal_acc=0.6588
12:29:55           REM: P=0.0644 R=0.9060 F1=0.1202
12:29:55          NREM: P=0.9899 R=0.4116 F1=0.5815
12:29:55          Macro F1: 0.3509
12:29:55   Val CM: [[607, 63], [8819, 6170]]
12:29:55   Patience: 2/15
12:30:02 
Epoch 5/50 (7.4s, lr=0.000976)
12:30:02   Train: loss=0.0088 bal_acc=0.6816
12:30:02           REM: P=0.6090 R=0.9967 F1=0.7561
12:30:02          NREM: P=0.9911 R=0.3666 F1=0.5352
12:30:02          Macro F1: 0.6456
12:30:02   Val  : loss=0.0110 bal_acc=0.6913
12:30:02           REM: P=0.0727 R=0.8896 F1=0.1344
12:30:02          NREM: P=0.9901 R=0.4930 F1=0.6582
12:30:02          Macro F1: 0.3963
12:30:02   Val CM: [[596, 74], [7600, 7389]]
12:30:02   >> New best! Macro F1=0.3963
12:30:09 
Epoch 6/50 (7.4s, lr=0.000965)
12:30:09   Train: loss=0.0090 bal_acc=0.6734
12:30:09           REM: P=0.6053 R=0.9970 F1=0.7533
12:30:09          NREM: P=0.9915 R=0.3498 F1=0.5172
12:30:09          Macro F1: 0.6352
12:30:09   Val  : loss=0.0121 bal_acc=0.7130
12:30:09           REM: P=0.0861 R=0.8104 F1=0.1557
12:30:09          NREM: P=0.9864 R=0.6157 F1=0.7581
12:30:09          Macro F1: 0.4569
12:30:09   Val CM: [[543, 127], [5761, 9228]]
12:30:09   >> New best! Macro F1=0.4569
12:30:17 
Epoch 7/50 (7.4s, lr=0.000952)
12:30:17   Train: loss=0.0083 bal_acc=0.7006
12:30:17           REM: P=0.6225 R=0.9968 F1=0.7664
12:30:17          NREM: P=0.9922 R=0.4045 F1=0.5747
12:30:17          Macro F1: 0.6705
12:30:17   Val  : loss=0.0120 bal_acc=0.6927
12:30:17           REM: P=0.0733 R=0.8866 F1=0.1354
12:30:17          NREM: P=0.9899 R=0.4988 F1=0.6634
12:30:17          Macro F1: 0.3994
12:30:17   Val CM: [[594, 76], [7512, 7477]]
12:30:17   Patience: 1/15
12:30:24 
Epoch 8/50 (7.4s, lr=0.000938)
12:30:24   Train: loss=0.0082 bal_acc=0.7064
12:30:24           REM: P=0.6244 R=0.9971 F1=0.7679
12:30:24          NREM: P=0.9933 R=0.4157 F1=0.5861
12:30:24          Macro F1: 0.6770
12:30:24   Val  : loss=0.0112 bal_acc=0.7002
12:30:24           REM: P=0.0771 R=0.8612 F1=0.1415
12:30:24          NREM: P=0.9886 R=0.5392 F1=0.6978
12:30:24          Macro F1: 0.4197
12:30:24   Val CM: [[577, 93], [6907, 8082]]
12:30:24   Patience: 2/15
12:30:32 
Epoch 9/50 (7.4s, lr=0.000922)
12:30:32   Train: loss=0.0078 bal_acc=0.7216
12:30:32           REM: P=0.6424 R=0.9970 F1=0.7813
12:30:32          NREM: P=0.9934 R=0.4462 F1=0.6158
12:30:32          Macro F1: 0.6986
12:30:32   Val  : loss=0.0091 bal_acc=0.7528
12:30:32           REM: P=0.0954 R=0.8776 F1=0.1721
12:30:32          NREM: P=0.9914 R=0.6279 F1=0.7689
12:30:32          Macro F1: 0.4705
12:30:32   Val CM: [[588, 82], [5577, 9412]]
12:30:32   >> New best! Macro F1=0.4705
12:30:39 
Epoch 10/50 (7.4s, lr=0.000905)
12:30:39   Train: loss=0.0078 bal_acc=0.7210
12:30:39           REM: P=0.6440 R=0.9967 F1=0.7825
12:30:39          NREM: P=0.9925 R=0.4453 F1=0.6148
12:30:39          Macro F1: 0.6986
12:30:39   Val  : loss=0.0170 bal_acc=0.6248
12:30:39           REM: P=0.0579 R=0.9134 F1=0.1090
12:30:39          NREM: P=0.9886 R=0.3361 F1=0.5017
12:30:39          Macro F1: 0.3053
12:30:39   Val CM: [[612, 58], [9951, 5038]]
12:30:39   Patience: 1/15
12:30:47 
Epoch 11/50 (7.4s, lr=0.000885)
12:30:47   Train: loss=0.0075 bal_acc=0.7335
12:30:47           REM: P=0.6536 R=0.9970 F1=0.7896
12:30:47          NREM: P=0.9936 R=0.4701 F1=0.6382
12:30:47          Macro F1: 0.7139
12:30:47   Val  : loss=0.0139 bal_acc=0.7063
12:30:47           REM: P=0.0801 R=0.8478 F1=0.1464
12:30:47          NREM: P=0.9881 R=0.5648 F1=0.7188
12:30:47          Macro F1: 0.4326
12:30:47   Val CM: [[568, 102], [6523, 8466]]
12:30:47   Patience: 2/15
12:30:54 
Epoch 12/50 (7.3s, lr=0.000864)
12:30:54   Train: loss=0.0073 bal_acc=0.7455
12:30:54           REM: P=0.6635 R=0.9968 F1=0.7967
12:30:54          NREM: P=0.9936 R=0.4941 F1=0.6600
12:30:54          Macro F1: 0.7283
12:30:54   Val  : loss=0.0160 bal_acc=0.7296
12:30:54           REM: P=0.0915 R=0.8254 F1=0.1648
12:30:54          NREM: P=0.9878 R=0.6339 F1=0.7722
12:30:54          Macro F1: 0.4685
12:30:54   Val CM: [[553, 117], [5488, 9501]]
12:30:54   Patience: 3/15
12:31:01 
Epoch 13/50 (7.4s, lr=0.000842)
12:31:01   Train: loss=0.0071 bal_acc=0.7571
12:31:01           REM: P=0.6719 R=0.9977 F1=0.8031
12:31:01          NREM: P=0.9957 R=0.5164 F1=0.6801
12:31:01          Macro F1: 0.7416
12:31:01   Val  : loss=0.0181 bal_acc=0.6923
12:31:01           REM: P=0.0740 R=0.8731 F1=0.1364
12:31:01          NREM: P=0.9890 R=0.5115 F1=0.6743
12:31:01          Macro F1: 0.4054
12:31:01   Val CM: [[585, 85], [7322, 7667]]
12:31:01   Patience: 4/15
12:31:09 
Epoch 14/50 (7.5s, lr=0.000819)
12:31:09   Train: loss=0.0068 bal_acc=0.7683
12:31:09           REM: P=0.6826 R=0.9968 F1=0.8103
12:31:09          NREM: P=0.9942 R=0.5398 F1=0.6997
12:31:09          Macro F1: 0.7550
12:31:09   Val  : loss=0.0191 bal_acc=0.7386
12:31:09           REM: P=0.0950 R=0.8313 F1=0.1704
12:31:09          NREM: P=0.9885 R=0.6458 F1=0.7812
12:31:09          Macro F1: 0.4758
12:31:09   Val CM: [[557, 113], [5309, 9680]]
12:31:09   >> New best! Macro F1=0.4758
12:31:16 
Epoch 15/50 (7.5s, lr=0.000794)
12:31:16   Train: loss=0.0070 bal_acc=0.7629
12:31:16           REM: P=0.6759 R=0.9973 F1=0.8058
12:31:16          NREM: P=0.9950 R=0.5284 F1=0.6903
12:31:16          Macro F1: 0.7480
12:31:16   Val  : loss=0.0157 bal_acc=0.7413
12:31:16           REM: P=0.0965 R=0.8299 F1=0.1729
12:31:16          NREM: P=0.9885 R=0.6527 F1=0.7862
12:31:16          Macro F1: 0.4796
12:31:16   Val CM: [[556, 114], [5206, 9783]]
12:31:16   >> New best! Macro F1=0.4796
12:31:24 
Epoch 16/50 (7.4s, lr=0.000768)
12:31:24   Train: loss=0.0065 bal_acc=0.7816
12:31:24           REM: P=0.6957 R=0.9975 F1=0.8197
12:31:24          NREM: P=0.9956 R=0.5656 F1=0.7214
12:31:24          Macro F1: 0.7705
12:31:24   Val  : loss=0.0195 bal_acc=0.7585
12:31:24           REM: P=0.1129 R=0.7970 F1=0.1978
12:31:24          NREM: P=0.9876 R=0.7201 F1=0.8329
12:31:24          Macro F1: 0.5153
12:31:24   Val CM: [[534, 136], [4196, 10793]]
12:31:24   >> New best! Macro F1=0.5153
12:31:31 
Epoch 17/50 (7.4s, lr=0.000741)
12:31:31   Train: loss=0.0064 bal_acc=0.7813
12:31:31           REM: P=0.6941 R=0.9972 F1=0.8185
12:31:31          NREM: P=0.9951 R=0.5654 F1=0.7211
12:31:31          Macro F1: 0.7698
12:31:31   Val  : loss=0.0186 bal_acc=0.7334
12:31:31           REM: P=0.0937 R=0.8224 F1=0.1682
12:31:31          NREM: P=0.9878 R=0.6443 F1=0.7799
12:31:31          Macro F1: 0.4741
12:31:31   Val CM: [[551, 119], [5331, 9658]]
12:31:31   Patience: 1/15
12:31:38 
Epoch 18/50 (7.3s, lr=0.000713)
12:31:38   Train: loss=0.0064 bal_acc=0.7887
12:31:38           REM: P=0.7034 R=0.9977 F1=0.8251
12:31:38          NREM: P=0.9960 R=0.5797 F1=0.7328
12:31:38          Macro F1: 0.7789
12:31:38   Val  : loss=0.0225 bal_acc=0.7537
12:31:38           REM: P=0.1317 R=0.7194 F1=0.2226
12:31:38          NREM: P=0.9843 R=0.7880 F1=0.8753
12:31:38          Macro F1: 0.5490
12:31:38   Val CM: [[482, 188], [3178, 11811]]
12:31:38   >> New best! Macro F1=0.5490
12:31:46 
Epoch 19/50 (7.4s, lr=0.000684)
12:31:46   Train: loss=0.0062 bal_acc=0.7940
12:31:46           REM: P=0.7078 R=0.9978 F1=0.8281
12:31:46          NREM: P=0.9963 R=0.5902 F1=0.7413
12:31:46          Macro F1: 0.7847
12:31:46   Val  : loss=0.0189 bal_acc=0.7549
12:31:46           REM: P=0.1218 R=0.7522 F1=0.2097
12:31:46          NREM: P=0.9856 R=0.7576 F1=0.8567
12:31:46          Macro F1: 0.5332
12:31:46   Val CM: [[504, 166], [3634, 11355]]
12:31:46   Patience: 1/15
12:31:53 
Epoch 20/50 (7.3s, lr=0.000655)
12:31:53   Train: loss=0.0061 bal_acc=0.7952
12:31:53           REM: P=0.7107 R=0.9973 F1=0.8300
12:31:53          NREM: P=0.9955 R=0.5932 F1=0.7434
12:31:53          Macro F1: 0.7867
12:31:53   Val  : loss=0.0188 bal_acc=0.7466
12:31:53           REM: P=0.1130 R=0.7597 F1=0.1968
12:31:53          NREM: P=0.9856 R=0.7335 F1=0.8411
12:31:53          Macro F1: 0.5189
12:31:53   Val CM: [[509, 161], [3994, 10995]]
12:31:53   Patience: 2/15
12:32:00 
Epoch 21/50 (7.3s, lr=0.000624)
12:32:00   Train: loss=0.0058 bal_acc=0.8084
12:32:00           REM: P=0.7222 R=0.9980 F1=0.8379
12:32:00          NREM: P=0.9967 R=0.6189 F1=0.7636
12:32:00          Macro F1: 0.8008
12:32:00   Val  : loss=0.0168 bal_acc=0.7591
12:32:00           REM: P=0.1224 R=0.7627 F1=0.2109
12:32:00          NREM: P=0.9862 R=0.7555 F1=0.8555
12:32:00          Macro F1: 0.5332
12:32:00   Val CM: [[511, 159], [3665, 11324]]
12:32:00   Patience: 3/15
12:32:08 
Epoch 22/50 (7.4s, lr=0.000594)
12:32:08   Train: loss=0.0059 bal_acc=0.8051
12:32:08           REM: P=0.7189 R=0.9975 F1=0.8356
12:32:08          NREM: P=0.9959 R=0.6128 F1=0.7587
12:32:08          Macro F1: 0.7971
12:32:08   Val  : loss=0.0216 bal_acc=0.7562
12:32:08           REM: P=0.1129 R=0.7896 F1=0.1976
12:32:08          NREM: P=0.9872 R=0.7228 F1=0.8345
12:32:08          Macro F1: 0.5161
12:32:08   Val CM: [[529, 141], [4155, 10834]]
12:32:08   Patience: 4/15
12:32:15 
Epoch 23/50 (7.4s, lr=0.000563)
12:32:15   Train: loss=0.0057 bal_acc=0.8147
12:32:15           REM: P=0.7285 R=0.9976 F1=0.8421
12:32:15          NREM: P=0.9963 R=0.6318 F1=0.7732
12:32:15          Macro F1: 0.8077
12:32:15   Val  : loss=0.0236 bal_acc=0.7466
12:32:15           REM: P=0.1076 R=0.7836 F1=0.1893
12:32:15          NREM: P=0.9866 R=0.7097 F1=0.8255
12:32:15          Macro F1: 0.5074
12:32:15   Val CM: [[525, 145], [4352, 10637]]
12:32:15   Patience: 5/15
12:32:23 
Epoch 24/50 (7.5s, lr=0.000531)
12:32:23   Train: loss=0.0054 bal_acc=0.8247
12:32:23           REM: P=0.7376 R=0.9981 F1=0.8483
12:32:23          NREM: P=0.9971 R=0.6514 F1=0.7880
12:32:23          Macro F1: 0.8181
12:32:23   Val  : loss=0.0210 bal_acc=0.7638
12:32:23           REM: P=0.1281 R=0.7582 F1=0.2192
12:32:23          NREM: P=0.9861 R=0.7694 F1=0.8644
12:32:23          Macro F1: 0.5418
12:32:23   Val CM: [[508, 162], [3457, 11532]]
12:32:23   Patience: 6/15
12:32:30 
Epoch 25/50 (7.4s, lr=0.000500)
12:32:30   Train: loss=0.0053 bal_acc=0.8283
12:32:30           REM: P=0.7449 R=0.9977 F1=0.8530
12:32:30          NREM: P=0.9965 R=0.6589 F1=0.7933
12:32:30          Macro F1: 0.8231
12:32:30   Val  : loss=0.0196 bal_acc=0.7416
12:32:30           REM: P=0.0960 R=0.8343 F1=0.1722
12:32:30          NREM: P=0.9887 R=0.6489 F1=0.7835
12:32:30          Macro F1: 0.4779
12:32:30   Val CM: [[559, 111], [5263, 9726]]
12:32:30   Patience: 7/15
12:32:38 
Epoch 26/50 (7.3s, lr=0.000469)
12:32:38   Train: loss=0.0052 bal_acc=0.8305
12:32:38           REM: P=0.7495 R=0.9982 F1=0.8561
12:32:38          NREM: P=0.9972 R=0.6627 F1=0.7963
12:32:38          Macro F1: 0.8262
12:32:38   Val  : loss=0.0220 bal_acc=0.7360
12:32:38           REM: P=0.0939 R=0.8299 F1=0.1687
12:32:38          NREM: P=0.9883 R=0.6421 F1=0.7785
12:32:38          Macro F1: 0.4736
12:32:38   Val CM: [[556, 114], [5364, 9625]]
12:32:38   Patience: 8/15
12:32:45 
Epoch 27/50 (7.4s, lr=0.000437)
12:32:45   Train: loss=0.0051 bal_acc=0.8369
12:32:45           REM: P=0.7551 R=0.9983 F1=0.8598
12:32:45          NREM: P=0.9974 R=0.6755 F1=0.8055
12:32:45          Macro F1: 0.8327
12:32:45   Val  : loss=0.0247 bal_acc=0.7477
12:32:45           REM: P=0.1057 R=0.7970 F1=0.1866
12:32:45          NREM: P=0.9872 R=0.6984 F1=0.8181
12:32:45          Macro F1: 0.5023
12:32:45   Val CM: [[534, 136], [4520, 10469]]
12:32:45   Patience: 9/15
12:32:52 
Epoch 28/50 (7.3s, lr=0.000406)
12:32:52   Train: loss=0.0054 bal_acc=0.8239
12:32:52           REM: P=0.7392 R=0.9978 F1=0.8492
12:32:52          NREM: P=0.9967 R=0.6499 F1=0.7868
12:32:52          Macro F1: 0.8180
12:32:52   Val  : loss=0.0183 bal_acc=0.7494
12:32:52           REM: P=0.1137 R=0.7657 F1=0.1980
12:32:52          NREM: P=0.9859 R=0.7331 F1=0.8409
12:32:52          Macro F1: 0.5194
12:32:52   Val CM: [[513, 157], [4000, 10989]]
12:32:52   Patience: 10/15
12:33:00 
Epoch 29/50 (7.4s, lr=0.000376)
12:33:00   Train: loss=0.0049 bal_acc=0.8424
12:33:00           REM: P=0.7629 R=0.9984 F1=0.8649
12:33:00          NREM: P=0.9976 R=0.6865 F1=0.8133
12:33:00          Macro F1: 0.8391
12:33:00   Val  : loss=0.0237 bal_acc=0.7509
12:33:00           REM: P=0.1261 R=0.7269 F1=0.2149
12:33:00          NREM: P=0.9845 R=0.7748 F1=0.8672
12:33:00          Macro F1: 0.5410
12:33:00   Val CM: [[487, 183], [3375, 11614]]
12:33:00   Patience: 11/15
12:33:07 
Epoch 30/50 (7.4s, lr=0.000345)
12:33:07   Train: loss=0.0051 bal_acc=0.8386
12:33:07           REM: P=0.7546 R=0.9980 F1=0.8594
12:33:07          NREM: P=0.9971 R=0.6792 F1=0.8080
12:33:07          Macro F1: 0.8337
12:33:07   Val  : loss=0.0157 bal_acc=0.7372
12:33:07           REM: P=0.0945 R=0.8299 F1=0.1697
12:33:07          NREM: P=0.9883 R=0.6445 F1=0.7802
12:33:07          Macro F1: 0.4750
12:33:07   Val CM: [[556, 114], [5328, 9661]]
12:33:07   Patience: 12/15
12:33:15 
Epoch 31/50 (7.4s, lr=0.000316)
12:33:15   Train: loss=0.0047 bal_acc=0.8478
12:33:15           REM: P=0.7682 R=0.9988 F1=0.8684
12:33:15          NREM: P=0.9983 R=0.6968 F1=0.8207
12:33:15          Macro F1: 0.8446
12:33:15   Val  : loss=0.0290 bal_acc=0.7481
12:33:15           REM: P=0.1446 R=0.6746 F1=0.2381
12:33:15          NREM: P=0.9826 R=0.8216 F1=0.8949
12:33:15          Macro F1: 0.5665
12:33:15   Val CM: [[452, 218], [2674, 12315]]
12:33:15   >> New best! Macro F1=0.5665
12:33:22 
Epoch 32/50 (7.4s, lr=0.000287)
12:33:22   Train: loss=0.0046 bal_acc=0.8564
12:33:22           REM: P=0.7788 R=0.9985 F1=0.8751
12:33:22          NREM: P=0.9979 R=0.7143 F1=0.8326
12:33:22          Macro F1: 0.8539
12:33:22   Val  : loss=0.0306 bal_acc=0.7598
12:33:22           REM: P=0.1470 R=0.7015 F1=0.2431
12:33:22          NREM: P=0.9840 R=0.8181 F1=0.8934
12:33:22          Macro F1: 0.5682
12:33:22   Val CM: [[470, 200], [2727, 12262]]
12:33:22   >> New best! Macro F1=0.5682
12:33:30 
Epoch 33/50 (7.4s, lr=0.000259)
12:33:30   Train: loss=0.0044 bal_acc=0.8608
12:33:30           REM: P=0.7821 R=0.9987 F1=0.8772
12:33:30          NREM: P=0.9983 R=0.7229 F1=0.8386
12:33:30          Macro F1: 0.8579
12:33:30   Val  : loss=0.0285 bal_acc=0.7544
12:33:30           REM: P=0.1296 R=0.7269 F1=0.2200
12:33:30          NREM: P=0.9846 R=0.7818 F1=0.8716
12:33:30          Macro F1: 0.5458
12:33:30   Val CM: [[487, 183], [3270, 11719]]
12:33:30   Patience: 1/15
12:33:37 
Epoch 34/50 (7.4s, lr=0.000232)
12:33:37   Train: loss=0.0045 bal_acc=0.8608
12:33:37           REM: P=0.7800 R=0.9987 F1=0.8759
12:33:37          NREM: P=0.9983 R=0.7229 F1=0.8385
12:33:37          Macro F1: 0.8572
12:33:37   Val  : loss=0.0278 bal_acc=0.7531
12:33:37           REM: P=0.1268 R=0.7313 F1=0.2161
12:33:37          NREM: P=0.9847 R=0.7748 F1=0.8673
12:33:37          Macro F1: 0.5417
12:33:37   Val CM: [[490, 180], [3375, 11614]]
12:33:37   Patience: 2/15
12:33:44 
Epoch 35/50 (7.4s, lr=0.000206)
12:33:44   Train: loss=0.0044 bal_acc=0.8610
12:33:44           REM: P=0.7829 R=0.9989 F1=0.8778
12:33:44          NREM: P=0.9985 R=0.7231 F1=0.8388
12:33:44          Macro F1: 0.8583
12:33:44   Val  : loss=0.0319 bal_acc=0.7540
12:33:44           REM: P=0.1515 R=0.6776 F1=0.2477
12:33:44          NREM: P=0.9829 R=0.8304 F1=0.9003
12:33:44          Macro F1: 0.5740
12:33:44   Val CM: [[454, 216], [2542, 12447]]
12:33:44   >> New best! Macro F1=0.5740
12:33:52 
Epoch 36/50 (7.4s, lr=0.000181)
12:33:52   Train: loss=0.0043 bal_acc=0.8654
12:33:52           REM: P=0.7884 R=0.9988 F1=0.8812
12:33:52          NREM: P=0.9983 R=0.7321 F1=0.8447
12:33:52          Macro F1: 0.8630
12:33:52   Val  : loss=0.0324 bal_acc=0.7590
12:33:52           REM: P=0.1430 R=0.7075 F1=0.2380
12:33:52          NREM: P=0.9841 R=0.8105 F1=0.8889
12:33:52          Macro F1: 0.5634
12:33:52   Val CM: [[474, 196], [2840, 12149]]
12:33:52   Patience: 1/15
12:33:59 
Epoch 37/50 (7.3s, lr=0.000158)
12:33:59   Train: loss=0.0042 bal_acc=0.8679
12:33:59           REM: P=0.7892 R=0.9989 F1=0.8818
12:33:59          NREM: P=0.9985 R=0.7370 F1=0.8481
12:33:59          Macro F1: 0.8649
12:33:59   Val  : loss=0.0277 bal_acc=0.7619
12:33:59           REM: P=0.1392 R=0.7239 F1=0.2335
12:33:59          NREM: P=0.9848 R=0.7999 F1=0.8828
12:33:59          Macro F1: 0.5581
12:33:59   Val CM: [[485, 185], [2999, 11990]]
12:33:59   Patience: 2/15
12:34:06 
Epoch 38/50 (7.3s, lr=0.000136)
12:34:06   Train: loss=0.0041 bal_acc=0.8715
12:34:06           REM: P=0.7953 R=0.9987 F1=0.8855
12:34:06          NREM: P=0.9983 R=0.7443 F1=0.8528
12:34:06          Macro F1: 0.8691
12:34:06   Val  : loss=0.0354 bal_acc=0.7537
12:34:06           REM: P=0.1462 R=0.6866 F1=0.2410
12:34:06          NREM: P=0.9832 R=0.8207 F1=0.8947
12:34:06          Macro F1: 0.5678
12:34:06   Val CM: [[460, 210], [2687, 12302]]
12:34:06   Patience: 3/15
12:34:14 
Epoch 39/50 (7.3s, lr=0.000115)
12:34:14   Train: loss=0.0040 bal_acc=0.8727
12:34:14           REM: P=0.7982 R=0.9993 F1=0.8875
12:34:14          NREM: P=0.9990 R=0.7462 F1=0.8543
12:34:14          Macro F1: 0.8709
12:34:14   Val  : loss=0.0338 bal_acc=0.7617
12:34:14           REM: P=0.1565 R=0.6896 F1=0.2551
12:34:14          NREM: P=0.9836 R=0.8339 F1=0.9026
12:34:14          Macro F1: 0.5788
12:34:14   Val CM: [[462, 208], [2490, 12499]]
12:34:14   >> New best! Macro F1=0.5788
12:34:21 
Epoch 40/50 (7.4s, lr=0.000095)
12:34:21   Train: loss=0.0039 bal_acc=0.8760
12:34:21           REM: P=0.8021 R=0.9988 F1=0.8897
12:34:21          NREM: P=0.9984 R=0.7532 F1=0.8587
12:34:21          Macro F1: 0.8742
12:34:21   Val  : loss=0.0365 bal_acc=0.7618
12:34:21           REM: P=0.1594 R=0.6851 F1=0.2586
12:34:21          NREM: P=0.9835 R=0.8385 F1=0.9052
12:34:21          Macro F1: 0.5819
12:34:21   Val CM: [[459, 211], [2421, 12568]]
12:34:21   >> New best! Macro F1=0.5819
12:34:29 
Epoch 41/50 (7.4s, lr=0.000078)
12:34:29   Train: loss=0.0039 bal_acc=0.8768
12:34:29           REM: P=0.8026 R=0.9986 F1=0.8900
12:34:29          NREM: P=0.9982 R=0.7549 F1=0.8597
12:34:29          Macro F1: 0.8748
12:34:29   Val  : loss=0.0359 bal_acc=0.7573
12:34:29           REM: P=0.1585 R=0.6746 F1=0.2567
12:34:29          NREM: P=0.9830 R=0.8399 F1=0.9058
12:34:29          Macro F1: 0.5812
12:34:29   Val CM: [[452, 218], [2400, 12589]]
12:34:29   Patience: 1/15
12:34:36 
Epoch 42/50 (7.4s, lr=0.000062)
12:34:36   Train: loss=0.0038 bal_acc=0.8806
12:34:36           REM: P=0.8100 R=0.9988 F1=0.8946
12:34:36          NREM: P=0.9985 R=0.7623 F1=0.8645
12:34:36          Macro F1: 0.8795
12:34:36   Val  : loss=0.0364 bal_acc=0.7534
12:34:36           REM: P=0.1596 R=0.6627 F1=0.2572
12:34:36          NREM: P=0.9824 R=0.8440 F1=0.9080
12:34:36          Macro F1: 0.5826
12:34:36   Val CM: [[444, 226], [2338, 12651]]
12:34:36   >> New best! Macro F1=0.5826
12:34:44 
Epoch 43/50 (7.4s, lr=0.000048)
12:34:44   Train: loss=0.0038 bal_acc=0.8832
12:34:44           REM: P=0.8112 R=0.9991 F1=0.8954
12:34:44          NREM: P=0.9989 R=0.7673 F1=0.8679
12:34:44          Macro F1: 0.8817
12:34:44   Val  : loss=0.0378 bal_acc=0.7515
12:34:44           REM: P=0.1502 R=0.6731 F1=0.2456
12:34:44          NREM: P=0.9827 R=0.8298 F1=0.8998
12:34:44          Macro F1: 0.5727
12:34:44   Val CM: [[451, 219], [2551, 12438]]
12:34:44   Patience: 1/15
12:34:51 
Epoch 44/50 (7.4s, lr=0.000035)
12:34:51   Train: loss=0.0038 bal_acc=0.8804
12:34:51           REM: P=0.8091 R=0.9991 F1=0.8941
12:34:51          NREM: P=0.9987 R=0.7618 F1=0.8643
12:34:51          Macro F1: 0.8792
12:34:51   Val  : loss=0.0376 bal_acc=0.7544
12:34:51           REM: P=0.1595 R=0.6657 F1=0.2573
12:34:51          NREM: P=0.9826 R=0.8432 F1=0.9075
12:34:51          Macro F1: 0.5824
12:34:51   Val CM: [[446, 224], [2351, 12638]]
12:34:51   Patience: 2/15
12:34:58 
Epoch 45/50 (7.4s, lr=0.000024)
12:34:58   Train: loss=0.0038 bal_acc=0.8813
12:34:58           REM: P=0.8077 R=0.9990 F1=0.8932
12:34:58          NREM: P=0.9988 R=0.7636 F1=0.8655
12:34:58          Macro F1: 0.8794
12:34:58   Val  : loss=0.0373 bal_acc=0.7527
12:34:58           REM: P=0.1615 R=0.6582 F1=0.2594
12:34:58          NREM: P=0.9823 R=0.8473 F1=0.9098
12:34:58          Macro F1: 0.5846
12:34:58   Val CM: [[441, 229], [2289, 12700]]
12:34:58   >> New best! Macro F1=0.5846
12:35:06 
Epoch 46/50 (7.4s, lr=0.000016)
12:35:06   Train: loss=0.0036 bal_acc=0.8853
12:35:06           REM: P=0.8159 R=0.9992 F1=0.8983
12:35:06          NREM: P=0.9990 R=0.7714 F1=0.8706
12:35:06          Macro F1: 0.8844
12:35:06   Val  : loss=0.0383 bal_acc=0.7528
12:35:06           REM: P=0.1596 R=0.6612 F1=0.2572
12:35:06          NREM: P=0.9824 R=0.8444 F1=0.9082
12:35:06          Macro F1: 0.5827
12:35:06   Val CM: [[443, 227], [2332, 12657]]
12:35:06   Patience: 1/15
12:35:13 
Epoch 47/50 (7.4s, lr=0.000009)
12:35:13   Train: loss=0.0037 bal_acc=0.8855
12:35:13           REM: P=0.8150 R=0.9989 F1=0.8976
12:35:13          NREM: P=0.9986 R=0.7720 F1=0.8708
12:35:13          Macro F1: 0.8842
12:35:13   Val  : loss=0.0391 bal_acc=0.7506
12:35:13           REM: P=0.1607 R=0.6537 F1=0.2580
12:35:13          NREM: P=0.9821 R=0.8474 F1=0.9098
12:35:13          Macro F1: 0.5839
12:35:13   Val CM: [[438, 232], [2287, 12702]]
12:35:13   Patience: 2/15
12:35:21 
Epoch 48/50 (7.4s, lr=0.000004)
12:35:21   Train: loss=0.0037 bal_acc=0.8858
12:35:21           REM: P=0.8137 R=0.9991 F1=0.8969
12:35:21          NREM: P=0.9988 R=0.7725 F1=0.8712
12:35:21          Macro F1: 0.8841
12:35:21   Val  : loss=0.0389 bal_acc=0.7529
12:35:21           REM: P=0.1578 R=0.6642 F1=0.2550
12:35:21          NREM: P=0.9825 R=0.8416 F1=0.9066
12:35:21          Macro F1: 0.5808
12:35:21   Val CM: [[445, 225], [2375, 12614]]
12:35:21   Patience: 3/15
12:35:28 
Epoch 49/50 (7.4s, lr=0.000001)
12:35:28   Train: loss=0.0037 bal_acc=0.8856
12:35:28           REM: P=0.8106 R=0.9992 F1=0.8951
12:35:28          NREM: P=0.9989 R=0.7720 F1=0.8709
12:35:28          Macro F1: 0.8830
12:35:28   Val  : loss=0.0375 bal_acc=0.7516
12:35:28           REM: P=0.1539 R=0.6672 F1=0.2501
12:35:28          NREM: P=0.9825 R=0.8360 F1=0.9034
12:35:28          Macro F1: 0.5767
12:35:28   Val CM: [[447, 223], [2458, 12531]]
12:35:28   Patience: 4/15
12:35:35 
Epoch 50/50 (7.4s, lr=0.000000)
12:35:35   Train: loss=0.0037 bal_acc=0.8839
12:35:35           REM: P=0.8122 R=0.9990 F1=0.8960
12:35:35          NREM: P=0.9986 R=0.7689 F1=0.8689
12:35:35          Macro F1: 0.8824
12:35:35   Val  : loss=0.0401 bal_acc=0.7492
12:35:35           REM: P=0.1624 R=0.6478 F1=0.2597
12:35:35          NREM: P=0.9818 R=0.8507 F1=0.9116
12:35:35          Macro F1: 0.5856
12:35:35   Val CM: [[434, 236], [2238, 12751]]
12:35:36   >> New best! Macro F1=0.5856
12:35:36 
============================================================
12:35:36 Training complete
12:35:36 Best val Macro F1: 0.5856
12:35:36 ============================================================
12:35:36 History saved to /home/sleeptech/sleeptech/project3/resnet/checkpoints/hierarchical/eog_a095_g30/training/stage2_history.json
12:35:36 Args saved to /home/sleeptech/sleeptech/project3/resnet/checkpoints/hierarchical/eog_a095_g30/training/stage2_args.json
