12:16:13 Device: cuda
12:16:13 Version: eog_a085_g30
12:16:13 Output: /home/sleeptech/sleeptech/project3/resnet/checkpoints/hierarchical/eog_a085_g30
12:16:13 Args: {'version': 'eog_a085_g30', 'data_dir': '../data/data_for_ai/full_ver_3class', 'csv_dir': '../data/data_for_ai/full_ver_rem_nrem', 'epochs': 50, 'batch_size': 128, 'lr': 0.001, 'weight_decay': 0.0001, 'patience': 15, 'focal_alpha': 0.85, 'focal_gamma': 3.0, 'num_workers': 4}
12:16:13 Train: 46185, Val: 15659
12:16:13 Class counts - REM: 2518, NREM: 43667
12:16:13 Sampler weights - REM: 9.17, NREM: 0.53
12:16:13 Model parameters: 168,162
12:16:14 ============================================================
12:16:14 Training started
12:16:14 ============================================================
12:20:03 
Epoch 1/50 (228.6s, lr=0.000999)
12:20:03   Train: loss=0.0213 bal_acc=0.6525
12:20:03           REM: P=0.5930 R=0.9828 F1=0.7397
12:20:03          NREM: P=0.9490 R=0.3222 F1=0.4811
12:20:03          Macro F1: 0.6104
12:20:03   Val  : loss=0.0291 bal_acc=0.6145
12:20:03           REM: P=0.0560 R=0.9313 F1=0.1056
12:20:03          NREM: P=0.9898 R=0.2977 F1=0.4577
12:20:03          Macro F1: 0.2816
12:20:03   Val CM: [[624, 46], [10527, 4462]]
12:20:03   >> New best! Macro F1=0.2816
12:21:35 
Epoch 2/50 (92.1s, lr=0.000996)
12:21:35   Train: loss=0.0187 bal_acc=0.7009
12:21:35           REM: P=0.6266 R=0.9804 F1=0.7645
12:21:35          NREM: P=0.9560 R=0.4214 F1=0.5850
12:21:35          Macro F1: 0.6747
12:21:35   Val  : loss=0.0221 bal_acc=0.6920
12:21:35           REM: P=0.0739 R=0.8731 F1=0.1363
12:21:35          NREM: P=0.9890 R=0.5109 F1=0.6738
12:21:35          Macro F1: 0.4050
12:21:35   Val CM: [[585, 85], [7331, 7658]]
12:21:35   >> New best! Macro F1=0.4050
12:22:35 
Epoch 3/50 (59.8s, lr=0.000991)
12:22:35   Train: loss=0.0175 bal_acc=0.7157
12:22:35           REM: P=0.6401 R=0.9821 F1=0.7751
12:22:35          NREM: P=0.9619 R=0.4494 F1=0.6125
12:22:35          Macro F1: 0.6938
12:22:35   Val  : loss=0.0151 bal_acc=0.7408
12:22:35           REM: P=0.0990 R=0.8119 F1=0.1765
12:22:35          NREM: P=0.9876 R=0.6697 F1=0.7982
12:22:35          Macro F1: 0.4873
12:22:35   Val CM: [[544, 126], [4951, 10038]]
12:22:35   >> New best! Macro F1=0.4873
12:23:08 
Epoch 4/50 (33.8s, lr=0.000984)
12:23:08   Train: loss=0.0170 bal_acc=0.7266
12:23:08           REM: P=0.6494 R=0.9830 F1=0.7821
12:23:08          NREM: P=0.9652 R=0.4702 F1=0.6324
12:23:08          Macro F1: 0.7072
12:23:08   Val  : loss=0.0251 bal_acc=0.6855
12:23:08           REM: P=0.0708 R=0.8970 F1=0.1313
12:23:08          NREM: P=0.9904 R=0.4740 F1=0.6412
12:23:08          Macro F1: 0.3862
12:23:08   Val CM: [[601, 69], [7884, 7105]]
12:23:08   Patience: 1/15
12:23:31 
Epoch 5/50 (22.5s, lr=0.000976)
12:23:31   Train: loss=0.0164 bal_acc=0.7420
12:23:31           REM: P=0.6610 R=0.9822 F1=0.7902
12:23:31          NREM: P=0.9660 R=0.5018 F1=0.6605
12:23:31          Macro F1: 0.7253
12:23:31   Val  : loss=0.0150 bal_acc=0.7624
12:23:31           REM: P=0.1153 R=0.7985 F1=0.2015
12:23:31          NREM: P=0.9877 R=0.7262 F1=0.8370
12:23:31          Macro F1: 0.5193
12:23:31   Val CM: [[535, 135], [4104, 10885]]
12:23:31   >> New best! Macro F1=0.5193
12:23:47 
Epoch 6/50 (16.3s, lr=0.000965)
12:23:47   Train: loss=0.0156 bal_acc=0.7558
12:23:47           REM: P=0.6750 R=0.9826 F1=0.8003
12:23:47          NREM: P=0.9683 R=0.5290 F1=0.6842
12:23:47          Macro F1: 0.7423
12:23:47   Val  : loss=0.0193 bal_acc=0.7345
12:23:47           REM: P=0.0890 R=0.8642 F1=0.1614
12:23:47          NREM: P=0.9901 R=0.6048 F1=0.7509
12:23:47          Macro F1: 0.4562
12:23:47   Val CM: [[579, 91], [5924, 9065]]
12:23:47   Patience: 1/15
12:23:58 
Epoch 7/50 (11.2s, lr=0.000952)
12:23:58   Train: loss=0.0152 bal_acc=0.7665
12:23:58           REM: P=0.6871 R=0.9834 F1=0.8090
12:23:58          NREM: P=0.9705 R=0.5496 F1=0.7018
12:23:58          Macro F1: 0.7554
12:23:58   Val  : loss=0.0232 bal_acc=0.6818
12:23:58           REM: P=0.0719 R=0.8597 F1=0.1327
12:23:58          NREM: P=0.9877 R=0.5039 F1=0.6673
12:23:58          Macro F1: 0.4000
12:23:58   Val CM: [[576, 94], [7436, 7553]]
12:23:58   Patience: 2/15
12:24:07 
Epoch 8/50 (8.9s, lr=0.000938)
12:24:07   Train: loss=0.0145 bal_acc=0.7796
12:24:07           REM: P=0.6992 R=0.9850 F1=0.8179
12:24:07          NREM: P=0.9744 R=0.5741 F1=0.7225
12:24:07          Macro F1: 0.7702
12:24:07   Val  : loss=0.0230 bal_acc=0.7195
12:24:07           REM: P=0.0854 R=0.8418 F1=0.1551
12:24:07          NREM: P=0.9883 R=0.5972 F1=0.7445
12:24:07          Macro F1: 0.4498
12:24:07   Val CM: [[564, 106], [6037, 8952]]
12:24:07   Patience: 3/15
12:24:15 
Epoch 9/50 (7.9s, lr=0.000922)
12:24:15   Train: loss=0.0140 bal_acc=0.7912
12:24:15           REM: P=0.7088 R=0.9850 F1=0.8244
12:24:15          NREM: P=0.9756 R=0.5973 F1=0.7410
12:24:15          Macro F1: 0.7827
12:24:15   Val  : loss=0.0170 bal_acc=0.7280
12:24:15           REM: P=0.1014 R=0.7552 F1=0.1787
12:24:15          NREM: P=0.9846 R=0.7007 F1=0.8188
12:24:15          Macro F1: 0.4987
12:24:15   Val CM: [[506, 164], [4486, 10503]]
12:24:15   Patience: 4/15
12:24:23 
Epoch 10/50 (7.6s, lr=0.000905)
12:24:23   Train: loss=0.0134 bal_acc=0.8029
12:24:23           REM: P=0.7227 R=0.9865 F1=0.8343
12:24:23          NREM: P=0.9785 R=0.6193 F1=0.7585
12:24:23          Macro F1: 0.7964
12:24:23   Val  : loss=0.0235 bal_acc=0.7393
12:24:23           REM: P=0.1001 R=0.8000 F1=0.1780
12:24:23          NREM: P=0.9870 R=0.6786 F1=0.8042
12:24:23          Macro F1: 0.4911
12:24:23   Val CM: [[536, 134], [4818, 10171]]
12:24:23   Patience: 5/15
12:24:31 
Epoch 11/50 (7.6s, lr=0.000885)
12:24:31   Train: loss=0.0133 bal_acc=0.8033
12:24:31           REM: P=0.7204 R=0.9861 F1=0.8326
12:24:31          NREM: P=0.9783 R=0.6205 F1=0.7593
12:24:31          Macro F1: 0.7960
12:24:31   Val  : loss=0.0268 bal_acc=0.7290
12:24:31           REM: P=0.0993 R=0.7701 F1=0.1760
12:24:31          NREM: P=0.9853 R=0.6879 F1=0.8102
12:24:31          Macro F1: 0.4931
12:24:31   Val CM: [[516, 154], [4678, 10311]]
12:24:31   Patience: 6/15
12:24:38 
Epoch 12/50 (7.5s, lr=0.000864)
12:24:38   Train: loss=0.0128 bal_acc=0.8143
12:24:38           REM: P=0.7365 R=0.9873 F1=0.8436
12:24:38          NREM: P=0.9803 R=0.6412 F1=0.7753
12:24:38          Macro F1: 0.8095
12:24:38   Val  : loss=0.0186 bal_acc=0.7486
12:24:38           REM: P=0.1280 R=0.7149 F1=0.2171
12:24:38          NREM: P=0.9840 R=0.7823 F1=0.8716
12:24:38          Macro F1: 0.5444
12:24:38   Val CM: [[479, 191], [3263, 11726]]
12:24:38   >> New best! Macro F1=0.5444
12:24:45 
Epoch 13/50 (7.4s, lr=0.000842)
12:24:45   Train: loss=0.0121 bal_acc=0.8245
12:24:45           REM: P=0.7467 R=0.9885 F1=0.8508
12:24:45          NREM: P=0.9827 R=0.6606 F1=0.7901
12:24:45          Macro F1: 0.8204
12:24:45   Val  : loss=0.0288 bal_acc=0.7408
12:24:45           REM: P=0.1149 R=0.7343 F1=0.1987
12:24:45          NREM: P=0.9844 R=0.7472 F1=0.8495
12:24:45          Macro F1: 0.5241
12:24:45   Val CM: [[492, 178], [3789, 11200]]
12:24:45   Patience: 1/15
12:24:53 
Epoch 14/50 (7.5s, lr=0.000819)
12:24:53   Train: loss=0.0121 bal_acc=0.8279
12:24:53           REM: P=0.7458 R=0.9869 F1=0.8496
12:24:53          NREM: P=0.9811 R=0.6688 F1=0.7954
12:24:53          Macro F1: 0.8225
12:24:53   Val  : loss=0.0242 bal_acc=0.7306
12:24:53           REM: P=0.1330 R=0.6507 F1=0.2209
12:24:53          NREM: P=0.9811 R=0.8104 F1=0.8876
12:24:53          Macro F1: 0.5542
12:24:53   Val CM: [[436, 234], [2842, 12147]]
12:24:53   >> New best! Macro F1=0.5542
12:25:00 
Epoch 15/50 (7.3s, lr=0.000794)
12:25:00   Train: loss=0.0119 bal_acc=0.8302
12:25:00           REM: P=0.7520 R=0.9886 F1=0.8542
12:25:00          NREM: P=0.9832 R=0.6719 F1=0.7982
12:25:00          Macro F1: 0.8262
12:25:00   Val  : loss=0.0220 bal_acc=0.7459
12:25:00           REM: P=0.1118 R=0.7627 F1=0.1950
12:25:00          NREM: P=0.9857 R=0.7291 F1=0.8382
12:25:00          Macro F1: 0.5166
12:25:00   Val CM: [[511, 159], [4060, 10929]]
12:25:00   Patience: 1/15
12:25:08 
Epoch 16/50 (7.4s, lr=0.000768)
12:25:08   Train: loss=0.0117 bal_acc=0.8359
12:25:08           REM: P=0.7564 R=0.9892 F1=0.8573
12:25:08          NREM: P=0.9844 R=0.6826 F1=0.8062
12:25:08          Macro F1: 0.8317
12:25:08   Val  : loss=0.0254 bal_acc=0.7471
12:25:08           REM: P=0.1225 R=0.7269 F1=0.2097
12:25:08          NREM: P=0.9843 R=0.7673 F1=0.8624
12:25:08          Macro F1: 0.5360
12:25:08   Val CM: [[487, 183], [3488, 11501]]
12:25:08   Patience: 2/15
12:25:15 
Epoch 17/50 (7.4s, lr=0.000741)
12:25:15   Train: loss=0.0115 bal_acc=0.8373
12:25:15           REM: P=0.7604 R=0.9892 F1=0.8598
12:25:15          NREM: P=0.9843 R=0.6855 F1=0.8082
12:25:15          Macro F1: 0.8340
12:25:15   Val  : loss=0.0218 bal_acc=0.7294
12:25:15           REM: P=0.1206 R=0.6806 F1=0.2049
12:25:15          NREM: P=0.9820 R=0.7782 F1=0.8683
12:25:15          Macro F1: 0.5366
12:25:15   Val CM: [[456, 214], [3325, 11664]]
12:25:15   Patience: 3/15
12:25:22 
Epoch 18/50 (7.4s, lr=0.000713)
12:25:22   Train: loss=0.0110 bal_acc=0.8469
12:25:22           REM: P=0.7666 R=0.9902 F1=0.8642
12:25:22          NREM: P=0.9864 R=0.7037 F1=0.8214
12:25:22          Macro F1: 0.8428
12:25:22   Val  : loss=0.0180 bal_acc=0.7253
12:25:22           REM: P=0.1263 R=0.6522 F1=0.2116
12:25:22          NREM: P=0.9809 R=0.7983 F1=0.8802
12:25:22          Macro F1: 0.5459
12:25:22   Val CM: [[437, 233], [3023, 11966]]
12:25:22   Patience: 4/15
12:25:30 
Epoch 19/50 (7.3s, lr=0.000684)
12:25:30   Train: loss=0.0107 bal_acc=0.8519
12:25:30           REM: P=0.7746 R=0.9905 F1=0.8693
12:25:30          NREM: P=0.9869 R=0.7134 F1=0.8281
12:25:30          Macro F1: 0.8487
12:25:30   Val  : loss=0.0293 bal_acc=0.7335
12:25:30           REM: P=0.1061 R=0.7493 F1=0.1858
12:25:30          NREM: P=0.9846 R=0.7177 F1=0.8303
12:25:30          Macro F1: 0.5080
12:25:30   Val CM: [[502, 168], [4231, 10758]]
12:25:30   Patience: 5/15
12:25:37 
Epoch 20/50 (7.3s, lr=0.000655)
12:25:37   Train: loss=0.0103 bal_acc=0.8589
12:25:37           REM: P=0.7839 R=0.9913 F1=0.8755
12:25:37          NREM: P=0.9881 R=0.7265 F1=0.8373
12:25:37          Macro F1: 0.8564
12:25:37   Val  : loss=0.0248 bal_acc=0.7491
12:25:37           REM: P=0.1653 R=0.6433 F1=0.2630
12:25:37          NREM: P=0.9817 R=0.8548 F1=0.9139
12:25:37          Macro F1: 0.5885
12:25:37   Val CM: [[431, 239], [2176, 12813]]
12:25:37   >> New best! Macro F1=0.5885
12:25:45 
Epoch 21/50 (7.4s, lr=0.000624)
12:25:45   Train: loss=0.0102 bal_acc=0.8602
12:25:45           REM: P=0.7851 R=0.9907 F1=0.8760
12:25:45          NREM: P=0.9875 R=0.7297 F1=0.8393
12:25:45          Macro F1: 0.8576
12:25:45   Val  : loss=0.0300 bal_acc=0.7397
12:25:45           REM: P=0.1320 R=0.6791 F1=0.2210
12:25:45          NREM: P=0.9824 R=0.8004 F1=0.8821
12:25:45          Macro F1: 0.5516
12:25:45   Val CM: [[455, 215], [2992, 11997]]
12:25:45   Patience: 1/15
12:25:52 
Epoch 22/50 (7.3s, lr=0.000594)
12:25:52   Train: loss=0.0099 bal_acc=0.8656
12:25:52           REM: P=0.7923 R=0.9921 F1=0.8810
12:25:52          NREM: P=0.9893 R=0.7391 F1=0.8461
12:25:52          Macro F1: 0.8636
12:25:52   Val  : loss=0.0297 bal_acc=0.7500
12:25:52           REM: P=0.1149 R=0.7627 F1=0.1997
12:25:52          NREM: P=0.9858 R=0.7374 F1=0.8437
12:25:52          Macro F1: 0.5217
12:25:52   Val CM: [[511, 159], [3936, 11053]]
12:25:52   Patience: 2/15
12:25:59 
Epoch 23/50 (7.5s, lr=0.000563)
12:25:59   Train: loss=0.0099 bal_acc=0.8656
12:25:59           REM: P=0.7901 R=0.9914 F1=0.8794
12:25:59          NREM: P=0.9887 R=0.7397 F1=0.8463
12:25:59          Macro F1: 0.8628
12:25:59   Val  : loss=0.0271 bal_acc=0.7455
12:25:59           REM: P=0.1447 R=0.6672 F1=0.2378
12:25:59          NREM: P=0.9823 R=0.8237 F1=0.8960
12:25:59          Macro F1: 0.5669
12:25:59   Val CM: [[447, 223], [2642, 12347]]
12:25:59   Patience: 3/15
12:26:07 
Epoch 24/50 (7.4s, lr=0.000531)
12:26:07   Train: loss=0.0096 bal_acc=0.8691
12:26:07           REM: P=0.7963 R=0.9920 F1=0.8834
12:26:07          NREM: P=0.9894 R=0.7463 F1=0.8508
12:26:07          Macro F1: 0.8671
12:26:07   Val  : loss=0.0258 bal_acc=0.7490
12:26:07           REM: P=0.1552 R=0.6582 F1=0.2511
12:26:07          NREM: P=0.9821 R=0.8398 F1=0.9054
12:26:07          Macro F1: 0.5783
12:26:07   Val CM: [[441, 229], [2401, 12588]]
12:26:07   Patience: 4/15
12:26:14 
Epoch 25/50 (7.4s, lr=0.000500)
12:26:14   Train: loss=0.0094 bal_acc=0.8738
12:26:14           REM: P=0.8008 R=0.9927 F1=0.8865
12:26:14          NREM: P=0.9905 R=0.7548 F1=0.8567
12:26:14          Macro F1: 0.8716
12:26:14   Val  : loss=0.0232 bal_acc=0.7525
12:26:14           REM: P=0.1145 R=0.7716 F1=0.1995
12:26:14          NREM: P=0.9863 R=0.7333 F1=0.8412
12:26:14          Macro F1: 0.5203
12:26:14   Val CM: [[517, 153], [3997, 10992]]
12:26:14   Patience: 5/15
12:26:21 
Epoch 26/50 (7.3s, lr=0.000469)
12:26:21   Train: loss=0.0090 bal_acc=0.8771
12:26:21           REM: P=0.8073 R=0.9917 F1=0.8900
12:26:21          NREM: P=0.9892 R=0.7625 F1=0.8612
12:26:21          Macro F1: 0.8756
12:26:21   Val  : loss=0.0365 bal_acc=0.7287
12:26:21           REM: P=0.1027 R=0.7507 F1=0.1806
12:26:21          NREM: P=0.9845 R=0.7067 F1=0.8228
12:26:21          Macro F1: 0.5017
12:26:21   Val CM: [[503, 167], [4396, 10593]]
12:26:21   Patience: 6/15
12:26:29 
Epoch 27/50 (7.3s, lr=0.000437)
12:26:29   Train: loss=0.0089 bal_acc=0.8822
12:26:29           REM: P=0.8125 R=0.9930 F1=0.8937
12:26:29          NREM: P=0.9911 R=0.7714 F1=0.8675
12:26:29          Macro F1: 0.8806
12:26:29   Val  : loss=0.0286 bal_acc=0.7519
12:26:29           REM: P=0.1375 R=0.7000 F1=0.2299
12:26:29          NREM: P=0.9836 R=0.8038 F1=0.8846
12:26:29          Macro F1: 0.5573
12:26:29   Val CM: [[469, 201], [2941, 12048]]
12:26:29   Patience: 7/15
12:26:36 
Epoch 28/50 (7.4s, lr=0.000406)
12:26:36   Train: loss=0.0086 bal_acc=0.8840
12:26:36           REM: P=0.8140 R=0.9936 F1=0.8949
12:26:36          NREM: P=0.9919 R=0.7744 F1=0.8697
12:26:36          Macro F1: 0.8823
12:26:36   Val  : loss=0.0303 bal_acc=0.7471
12:26:36           REM: P=0.1706 R=0.6313 F1=0.2687
12:26:36          NREM: P=0.9813 R=0.8628 F1=0.9182
12:26:36          Macro F1: 0.5935
12:26:36   Val CM: [[423, 247], [2056, 12933]]
12:26:36   >> New best! Macro F1=0.5935
12:26:44 
Epoch 29/50 (7.3s, lr=0.000376)
12:26:44   Train: loss=0.0084 bal_acc=0.8904
12:26:44           REM: P=0.8226 R=0.9931 F1=0.8998
12:26:44          NREM: P=0.9914 R=0.7876 F1=0.8778
12:26:44          Macro F1: 0.8888
12:26:44   Val  : loss=0.0308 bal_acc=0.7456
12:26:44           REM: P=0.1240 R=0.7179 F1=0.2115
12:26:44          NREM: P=0.9840 R=0.7734 F1=0.8660
12:26:44          Macro F1: 0.5388
12:26:44   Val CM: [[481, 189], [3397, 11592]]
12:26:44   Patience: 1/15
12:26:51 
Epoch 30/50 (7.4s, lr=0.000345)
12:26:51   Train: loss=0.0083 bal_acc=0.8900
12:26:51           REM: P=0.8227 R=0.9943 F1=0.9004
12:26:51          NREM: P=0.9928 R=0.7858 F1=0.8772
12:26:51          Macro F1: 0.8888
12:26:51   Val  : loss=0.0336 bal_acc=0.7482
12:26:51           REM: P=0.1548 R=0.6567 F1=0.2505
12:26:51          NREM: P=0.9821 R=0.8397 F1=0.9053
12:26:51          Macro F1: 0.5779
12:26:51   Val CM: [[440, 230], [2403, 12586]]
12:26:51   Patience: 2/15
12:26:58 
Epoch 31/50 (7.4s, lr=0.000316)
12:26:58   Train: loss=0.0083 bal_acc=0.8915
12:26:58           REM: P=0.8235 R=0.9942 F1=0.9008
12:26:58          NREM: P=0.9928 R=0.7888 F1=0.8791
12:26:58          Macro F1: 0.8900
12:26:58   Val  : loss=0.0378 bal_acc=0.7406
12:26:58           REM: P=0.1552 R=0.6358 F1=0.2496
12:26:58          NREM: P=0.9811 R=0.8454 F1=0.9082
12:26:58          Macro F1: 0.5789
12:26:58   Val CM: [[426, 244], [2318, 12671]]
12:26:58   Patience: 3/15
12:27:06 
Epoch 32/50 (7.4s, lr=0.000287)
12:27:06   Train: loss=0.0079 bal_acc=0.8956
12:27:06           REM: P=0.8304 R=0.9938 F1=0.9047
12:27:06          NREM: P=0.9923 R=0.7975 F1=0.8843
12:27:06          Macro F1: 0.8945
12:27:06   Val  : loss=0.0286 bal_acc=0.7450
12:27:06           REM: P=0.1664 R=0.6313 F1=0.2634
12:27:06          NREM: P=0.9812 R=0.8586 F1=0.9158
12:27:06          Macro F1: 0.5896
12:27:06   Val CM: [[423, 247], [2119, 12870]]
12:27:06   Patience: 4/15
12:27:13 
Epoch 33/50 (7.3s, lr=0.000259)
12:27:13   Train: loss=0.0079 bal_acc=0.8970
12:27:13           REM: P=0.8316 R=0.9946 F1=0.9058
12:27:13          NREM: P=0.9933 R=0.7994 F1=0.8858
12:27:13          Macro F1: 0.8958
12:27:13   Val  : loss=0.0331 bal_acc=0.7306
12:27:13           REM: P=0.1815 R=0.5776 F1=0.2762
12:27:13          NREM: P=0.9791 R=0.8836 F1=0.9289
12:27:13          Macro F1: 0.6026
12:27:13   Val CM: [[387, 283], [1745, 13244]]
12:27:13   >> New best! Macro F1=0.6026
12:27:20 
Epoch 34/50 (7.4s, lr=0.000232)
12:27:20   Train: loss=0.0075 bal_acc=0.9015
12:27:20           REM: P=0.8404 R=0.9951 F1=0.9113
12:27:20          NREM: P=0.9939 R=0.8079 F1=0.8913
12:27:20          Macro F1: 0.9013
12:27:20   Val  : loss=0.0362 bal_acc=0.7434
12:27:20           REM: P=0.1370 R=0.6776 F1=0.2279
12:27:20          NREM: P=0.9825 R=0.8091 F1=0.8874
12:27:20          Macro F1: 0.5576
12:27:20   Val CM: [[454, 216], [2861, 12128]]
12:27:20   Patience: 1/15
12:27:28 
Epoch 35/50 (7.4s, lr=0.000206)
12:27:28   Train: loss=0.0074 bal_acc=0.9049
12:27:28           REM: P=0.8437 R=0.9948 F1=0.9130
12:27:28          NREM: P=0.9936 R=0.8150 F1=0.8955
12:27:28          Macro F1: 0.9043
12:27:28   Val  : loss=0.0350 bal_acc=0.7481
12:27:28           REM: P=0.1624 R=0.6448 F1=0.2595
12:27:28          NREM: P=0.9817 R=0.8514 F1=0.9119
12:27:28          Macro F1: 0.5857
12:27:28   Val CM: [[432, 238], [2228, 12761]]
12:27:28   Patience: 2/15
12:27:35 
Epoch 36/50 (7.4s, lr=0.000181)
12:27:35   Train: loss=0.0073 bal_acc=0.9046
12:27:35           REM: P=0.8425 R=0.9952 F1=0.9125
12:27:35          NREM: P=0.9941 R=0.8140 F1=0.8951
12:27:35          Macro F1: 0.9038
12:27:35   Val  : loss=0.0368 bal_acc=0.7423
12:27:35           REM: P=0.1645 R=0.6269 F1=0.2606
12:27:35          NREM: P=0.9809 R=0.8577 F1=0.9152
12:27:35          Macro F1: 0.5879
12:27:35   Val CM: [[420, 250], [2133, 12856]]
12:27:35   Patience: 3/15
12:27:43 
Epoch 37/50 (7.4s, lr=0.000158)
12:27:43   Train: loss=0.0071 bal_acc=0.9078
12:27:43           REM: P=0.8475 R=0.9956 F1=0.9156
12:27:43          NREM: P=0.9946 R=0.8200 F1=0.8989
12:27:43          Macro F1: 0.9072
12:27:43   Val  : loss=0.0395 bal_acc=0.7447
12:27:43           REM: P=0.1796 R=0.6149 F1=0.2780
12:27:43          NREM: P=0.9807 R=0.8744 F1=0.9245
12:27:43          Macro F1: 0.6013
12:27:43   Val CM: [[412, 258], [1882, 13107]]
12:27:43   Patience: 4/15
12:27:50 
Epoch 38/50 (7.5s, lr=0.000136)
12:27:50   Train: loss=0.0072 bal_acc=0.9067
12:27:50           REM: P=0.8432 R=0.9954 F1=0.9130
12:27:50          NREM: P=0.9946 R=0.8180 F1=0.8977
12:27:50          Macro F1: 0.9053
12:27:50   Val  : loss=0.0356 bal_acc=0.7382
12:27:50           REM: P=0.1941 R=0.5851 F1=0.2914
12:27:50          NREM: P=0.9796 R=0.8914 F1=0.9334
12:27:50          Macro F1: 0.6124
12:27:50   Val CM: [[392, 278], [1628, 13361]]
12:27:50   >> New best! Macro F1=0.6124
12:27:58 
Epoch 39/50 (7.4s, lr=0.000115)
12:27:58   Train: loss=0.0070 bal_acc=0.9097
12:27:58           REM: P=0.8470 R=0.9959 F1=0.9154
12:27:58          NREM: P=0.9951 R=0.8236 F1=0.9012
12:27:58          Macro F1: 0.9083
12:27:58   Val  : loss=0.0406 bal_acc=0.7400
12:27:58           REM: P=0.1905 R=0.5925 F1=0.2883
12:27:58          NREM: P=0.9799 R=0.8875 F1=0.9314
12:27:58          Macro F1: 0.6098
12:27:58   Val CM: [[397, 273], [1687, 13302]]
12:27:58   Patience: 1/15
12:28:05 
Epoch 40/50 (7.4s, lr=0.000095)
12:28:05   Train: loss=0.0069 bal_acc=0.9108
12:28:05           REM: P=0.8510 R=0.9956 F1=0.9176
12:28:05          NREM: P=0.9947 R=0.8259 F1=0.9025
12:28:05          Macro F1: 0.9101
12:28:05   Val  : loss=0.0415 bal_acc=0.7350
12:28:05           REM: P=0.1970 R=0.5746 F1=0.2934
12:28:05          NREM: P=0.9792 R=0.8953 F1=0.9354
12:28:05          Macro F1: 0.6144
12:28:05   Val CM: [[385, 285], [1569, 13420]]
12:28:05   >> New best! Macro F1=0.6144
12:28:12 
Epoch 41/50 (7.4s, lr=0.000078)
12:28:12   Train: loss=0.0068 bal_acc=0.9121
12:28:12           REM: P=0.8525 R=0.9955 F1=0.9185
12:28:12          NREM: P=0.9946 R=0.8288 F1=0.9042
12:28:12          Macro F1: 0.9113
12:28:12   Val  : loss=0.0378 bal_acc=0.7518
12:28:12           REM: P=0.1672 R=0.6478 F1=0.2658
12:28:12          NREM: P=0.9819 R=0.8558 F1=0.9146
12:28:12          Macro F1: 0.5902
12:28:12   Val CM: [[434, 236], [2161, 12828]]
12:28:12   Patience: 1/15
12:28:20 
Epoch 42/50 (7.4s, lr=0.000062)
12:28:20   Train: loss=0.0067 bal_acc=0.9128
12:28:20           REM: P=0.8555 R=0.9962 F1=0.9205
12:28:20          NREM: P=0.9954 R=0.8294 F1=0.9049
12:28:20          Macro F1: 0.9127
12:28:20   Val  : loss=0.0414 bal_acc=0.7392
12:28:20           REM: P=0.1867 R=0.5940 F1=0.2841
12:28:20          NREM: P=0.9799 R=0.8843 F1=0.9297
12:28:20          Macro F1: 0.6069
12:28:20   Val CM: [[398, 272], [1734, 13255]]
12:28:20   Patience: 2/15
12:28:27 
Epoch 43/50 (7.4s, lr=0.000048)
12:28:27   Train: loss=0.0066 bal_acc=0.9138
12:28:27           REM: P=0.8556 R=0.9957 F1=0.9204
12:28:27          NREM: P=0.9949 R=0.8320 F1=0.9062
12:28:27          Macro F1: 0.9133
12:28:27   Val  : loss=0.0416 bal_acc=0.7413
12:28:27           REM: P=0.1844 R=0.6015 F1=0.2823
12:28:27          NREM: P=0.9802 R=0.8811 F1=0.9280
12:28:27          Macro F1: 0.6052
12:28:27   Val CM: [[403, 267], [1782, 13207]]
12:28:27   Patience: 3/15
12:28:35 
Epoch 44/50 (7.4s, lr=0.000035)
12:28:35   Train: loss=0.0064 bal_acc=0.9171
12:28:35           REM: P=0.8586 R=0.9961 F1=0.9222
12:28:35          NREM: P=0.9954 R=0.8382 F1=0.9101
12:28:35          Macro F1: 0.9162
12:28:35   Val  : loss=0.0426 bal_acc=0.7430
12:28:35           REM: P=0.1992 R=0.5925 F1=0.2982
12:28:35          NREM: P=0.9800 R=0.8935 F1=0.9348
12:28:35          Macro F1: 0.6165
12:28:35   Val CM: [[397, 273], [1596, 13393]]
12:28:35   >> New best! Macro F1=0.6165
12:28:42 
Epoch 45/50 (7.4s, lr=0.000024)
12:28:42   Train: loss=0.0064 bal_acc=0.9164
12:28:42           REM: P=0.8590 R=0.9963 F1=0.9226
12:28:42          NREM: P=0.9956 R=0.8366 F1=0.9092
12:28:42          Macro F1: 0.9159
12:28:42   Val  : loss=0.0415 bal_acc=0.7404
12:28:42           REM: P=0.1934 R=0.5910 F1=0.2914
12:28:42          NREM: P=0.9799 R=0.8898 F1=0.9327
12:28:42          Macro F1: 0.6120
12:28:42   Val CM: [[396, 274], [1652, 13337]]
12:28:42   Patience: 1/15
12:28:49 
Epoch 46/50 (7.3s, lr=0.000016)
12:28:49   Train: loss=0.0064 bal_acc=0.9165
12:28:49           REM: P=0.8609 R=0.9963 F1=0.9236
12:28:49          NREM: P=0.9955 R=0.8367 F1=0.9092
12:28:49          Macro F1: 0.9164
12:28:49   Val  : loss=0.0422 bal_acc=0.7407
12:28:49           REM: P=0.2014 R=0.5851 F1=0.2997
12:28:49          NREM: P=0.9797 R=0.8963 F1=0.9362
12:28:49          Macro F1: 0.6179
12:28:49   Val CM: [[392, 278], [1554, 13435]]
12:28:49   >> New best! Macro F1=0.6179
12:28:57 
Epoch 47/50 (7.3s, lr=0.000009)
12:28:57   Train: loss=0.0064 bal_acc=0.9165
12:28:57           REM: P=0.8585 R=0.9959 F1=0.9221
12:28:57          NREM: P=0.9952 R=0.8370 F1=0.9093
12:28:57          Macro F1: 0.9157
12:28:57   Val  : loss=0.0430 bal_acc=0.7380
12:28:57           REM: P=0.1971 R=0.5821 F1=0.2945
12:28:57          NREM: P=0.9795 R=0.8940 F1=0.9348
12:28:57          Macro F1: 0.6146
12:28:57   Val CM: [[390, 280], [1589, 13400]]
12:28:57   Patience: 1/15
12:29:04 
Epoch 48/50 (7.4s, lr=0.000004)
12:29:04   Train: loss=0.0063 bal_acc=0.9182
12:29:04           REM: P=0.8613 R=0.9963 F1=0.9239
12:29:04          NREM: P=0.9957 R=0.8401 F1=0.9113
12:29:04          Macro F1: 0.9176
12:29:04   Val  : loss=0.0416 bal_acc=0.7394
12:29:04           REM: P=0.1992 R=0.5836 F1=0.2970
12:29:04          NREM: P=0.9796 R=0.8951 F1=0.9355
12:29:04          Macro F1: 0.6162
12:29:04   Val CM: [[391, 279], [1572, 13417]]
12:29:04   Patience: 2/15
12:29:12 
Epoch 49/50 (7.4s, lr=0.000001)
12:29:12   Train: loss=0.0062 bal_acc=0.9188
12:29:12           REM: P=0.8621 R=0.9963 F1=0.9243
12:29:12          NREM: P=0.9957 R=0.8413 F1=0.9120
12:29:12          Macro F1: 0.9182
12:29:12   Val  : loss=0.0414 bal_acc=0.7408
12:29:12           REM: P=0.1863 R=0.5985 F1=0.2841
12:29:12          NREM: P=0.9801 R=0.8831 F1=0.9291
12:29:12          Macro F1: 0.6066
12:29:12   Val CM: [[401, 269], [1752, 13237]]
12:29:12   Patience: 3/15
12:29:19 
Epoch 50/50 (7.4s, lr=0.000000)
12:29:19   Train: loss=0.0066 bal_acc=0.9154
12:29:19           REM: P=0.8563 R=0.9963 F1=0.9210
12:29:19          NREM: P=0.9956 R=0.8346 F1=0.9080
12:29:19          Macro F1: 0.9145
12:29:19   Val  : loss=0.0417 bal_acc=0.7390
12:29:19           REM: P=0.1946 R=0.5866 F1=0.2922
12:29:19          NREM: P=0.9797 R=0.8915 F1=0.9335
12:29:19          Macro F1: 0.6128
12:29:19   Val CM: [[393, 277], [1627, 13362]]
12:29:19   Patience: 4/15
12:29:19 
============================================================
12:29:19 Training complete
12:29:19 Best val Macro F1: 0.6179
12:29:19 ============================================================
12:29:19 History saved to /home/sleeptech/sleeptech/project3/resnet/checkpoints/hierarchical/eog_a085_g30/training/stage2_history.json
12:29:19 Args saved to /home/sleeptech/sleeptech/project3/resnet/checkpoints/hierarchical/eog_a085_g30/training/stage2_args.json
