Sun, 19 Apr 2026 09:00:16 main.py[line:80] INFO Namespace(batch_size=8, cuda=True, data_dir='../data/data_for_ai/full_ver_3class', freeze_cnn=True, learning_rate=0.0001, loss_type='focal', mode='train', num_epochs=50, oversample=True, patience=10, pretrained_path='./ResNet22_mAP=0.430.pth', resume_path=None, workspace='./workspaces/full_ver_3class')
Sun, 19 Apr 2026 09:00:16 main.py[line:83] INFO Using GPU.
Sun, 19 Apr 2026 09:00:16 byteflow.py[line:76] DEBUG bytecode dump:
>          0	NOP(arg=None, lineno=1023)
           2	LOAD_FAST(arg=0, lineno=1026)
           4	LOAD_CONST(arg=1, lineno=1026)
           6	BINARY_SUBSCR(arg=None, lineno=1026)
           8	LOAD_FAST(arg=0, lineno=1026)
          10	LOAD_CONST(arg=2, lineno=1026)
          12	BINARY_SUBSCR(arg=None, lineno=1026)
          14	COMPARE_OP(arg=4, lineno=1026)
          16	LOAD_FAST(arg=0, lineno=1026)
          18	LOAD_CONST(arg=1, lineno=1026)
          20	BINARY_SUBSCR(arg=None, lineno=1026)
          22	LOAD_FAST(arg=0, lineno=1026)
          24	LOAD_CONST(arg=3, lineno=1026)
          26	BINARY_SUBSCR(arg=None, lineno=1026)
          28	COMPARE_OP(arg=5, lineno=1026)
          30	BINARY_AND(arg=None, lineno=1026)
          32	RETURN_VALUE(arg=None, lineno=1026)
Sun, 19 Apr 2026 09:00:16 byteflow.py[line:102] DEBUG pending: deque([State(pc_initial=0 nstack_initial=0)])
Sun, 19 Apr 2026 09:00:16 byteflow.py[line:105] DEBUG stack: []
Sun, 19 Apr 2026 09:00:16 byteflow.py[line:106] DEBUG state.pc_initial: State(pc_initial=0 nstack_initial=0)
Sun, 19 Apr 2026 09:00:16 byteflow.py[line:333] DEBUG dispatch pc=0, inst=NOP(arg=None, lineno=1023)
Sun, 19 Apr 2026 09:00:16 byteflow.py[line:334] DEBUG stack []
Sun, 19 Apr 2026 09:00:16 byteflow.py[line:333] DEBUG dispatch pc=2, inst=LOAD_FAST(arg=0, lineno=1026)
Sun, 19 Apr 2026 09:00:16 byteflow.py[line:334] DEBUG stack []
Sun, 19 Apr 2026 09:00:16 byteflow.py[line:333] DEBUG dispatch pc=4, inst=LOAD_CONST(arg=1, lineno=1026)
Sun, 19 Apr 2026 09:00:16 byteflow.py[line:334] DEBUG stack ['$x2.0']
Sun, 19 Apr 2026 09:00:16 byteflow.py[line:333] DEBUG dispatch pc=6, inst=BINARY_SUBSCR(arg=None, lineno=1026)
Sun, 19 Apr 2026 09:00:16 byteflow.py[line:334] DEBUG stack ['$x2.0', '$const4.1']
Sun, 19 Apr 2026 09:00:16 byteflow.py[line:333] DEBUG dispatch pc=8, inst=LOAD_FAST(arg=0, lineno=1026)
Sun, 19 Apr 2026 09:00:16 byteflow.py[line:334] DEBUG stack ['$6binary_subscr.2']
Sun, 19 Apr 2026 09:00:16 byteflow.py[line:333] DEBUG dispatch pc=10, inst=LOAD_CONST(arg=2, lineno=1026)
Sun, 19 Apr 2026 09:00:16 byteflow.py[line:334] DEBUG stack ['$6binary_subscr.2', '$x8.3']
Sun, 19 Apr 2026 09:00:16 byteflow.py[line:333] DEBUG dispatch pc=12, inst=BINARY_SUBSCR(arg=None, lineno=1026)
Sun, 19 Apr 2026 09:00:16 byteflow.py[line:334] DEBUG stack ['$6binary_subscr.2', '$x8.3', '$const10.4']
Sun, 19 Apr 2026 09:00:16 byteflow.py[line:333] DEBUG dispatch pc=14, inst=COMPARE_OP(arg=4, lineno=1026)
Sun, 19 Apr 2026 09:00:16 byteflow.py[line:334] DEBUG stack ['$6binary_subscr.2', '$12binary_subscr.5']
Sun, 19 Apr 2026 09:00:16 byteflow.py[line:333] DEBUG dispatch pc=16, inst=LOAD_FAST(arg=0, lineno=1026)
Sun, 19 Apr 2026 09:00:16 byteflow.py[line:334] DEBUG stack ['$14compare_op.6']
Sun, 19 Apr 2026 09:00:16 byteflow.py[line:333] DEBUG dispatch pc=18, inst=LOAD_CONST(arg=1, lineno=1026)
Sun, 19 Apr 2026 09:00:16 byteflow.py[line:334] DEBUG stack ['$14compare_op.6', '$x16.7']
Sun, 19 Apr 2026 09:00:16 byteflow.py[line:333] DEBUG dispatch pc=20, inst=BINARY_SUBSCR(arg=None, lineno=1026)
Sun, 19 Apr 2026 09:00:16 byteflow.py[line:334] DEBUG stack ['$14compare_op.6', '$x16.7', '$const18.8']
Sun, 19 Apr 2026 09:00:16 byteflow.py[line:333] DEBUG dispatch pc=22, inst=LOAD_FAST(arg=0, lineno=1026)
Sun, 19 Apr 2026 09:00:16 byteflow.py[line:334] DEBUG stack ['$14compare_op.6', '$20binary_subscr.9']
Sun, 19 Apr 2026 09:00:16 byteflow.py[line:333] DEBUG dispatch pc=24, inst=LOAD_CONST(arg=3, lineno=1026)
Sun, 19 Apr 2026 09:00:16 byteflow.py[line:334] DEBUG stack ['$14compare_op.6', '$20binary_subscr.9', '$x22.10']
Sun, 19 Apr 2026 09:00:16 byteflow.py[line:333] DEBUG dispatch pc=26, inst=BINARY_SUBSCR(arg=None, lineno=1026)
Sun, 19 Apr 2026 09:00:16 byteflow.py[line:334] DEBUG stack ['$14compare_op.6', '$20binary_subscr.9', '$x22.10', '$const24.11']
Sun, 19 Apr 2026 09:00:16 byteflow.py[line:333] DEBUG dispatch pc=28, inst=COMPARE_OP(arg=5, lineno=1026)
Sun, 19 Apr 2026 09:00:16 byteflow.py[line:334] DEBUG stack ['$14compare_op.6', '$20binary_subscr.9', '$26binary_subscr.12']
Sun, 19 Apr 2026 09:00:16 byteflow.py[line:333] DEBUG dispatch pc=30, inst=BINARY_AND(arg=None, lineno=1026)
Sun, 19 Apr 2026 09:00:16 byteflow.py[line:334] DEBUG stack ['$14compare_op.6', '$28compare_op.13']
Sun, 19 Apr 2026 09:00:16 byteflow.py[line:333] DEBUG dispatch pc=32, inst=RETURN_VALUE(arg=None, lineno=1026)
Sun, 19 Apr 2026 09:00:16 byteflow.py[line:334] DEBUG stack ['$30binary_and.14']
Sun, 19 Apr 2026 09:00:16 byteflow.py[line:124] DEBUG end state. edges=[]
Sun, 19 Apr 2026 09:00:16 byteflow.py[line:205] DEBUG -------------------------Prune PHIs-------------------------
Sun, 19 Apr 2026 09:00:16 byteflow.py[line:274] DEBUG Used_phis: defaultdict(<class 'set'>, {State(pc_initial=0 nstack_initial=0): set()})
Sun, 19 Apr 2026 09:00:16 byteflow.py[line:231] DEBUG defmap: {}
Sun, 19 Apr 2026 09:00:16 byteflow.py[line:232] DEBUG phismap: defaultdict(<class 'set'>, {})
Sun, 19 Apr 2026 09:00:16 byteflow.py[line:253] DEBUG changing phismap: defaultdict(<class 'set'>, {})
Sun, 19 Apr 2026 09:00:16 byteflow.py[line:262] DEBUG keep phismap: {}
Sun, 19 Apr 2026 09:00:16 byteflow.py[line:268] DEBUG new_out: defaultdict(<class 'dict'>, {})
Sun, 19 Apr 2026 09:00:16 byteflow.py[line:278] DEBUG ----------------------DONE Prune PHIs-----------------------
Sun, 19 Apr 2026 09:00:16 byteflow.py[line:136] DEBUG block_infos State(pc_initial=0 nstack_initial=0):
AdaptBlockInfo(insts=((0, {}), (2, {'res': '$x2.0'}), (4, {'res': '$const4.1'}), (6, {'index': '$const4.1', 'target': '$x2.0', 'res': '$6binary_subscr.2'}), (8, {'res': '$x8.3'}), (10, {'res': '$const10.4'}), (12, {'index': '$const10.4', 'target': '$x8.3', 'res': '$12binary_subscr.5'}), (14, {'lhs': '$6binary_subscr.2', 'rhs': '$12binary_subscr.5', 'res': '$14compare_op.6'}), (16, {'res': '$x16.7'}), (18, {'res': '$const18.8'}), (20, {'index': '$const18.8', 'target': '$x16.7', 'res': '$20binary_subscr.9'}), (22, {'res': '$x22.10'}), (24, {'res': '$const24.11'}), (26, {'index': '$const24.11', 'target': '$x22.10', 'res': '$26binary_subscr.12'}), (28, {'lhs': '$20binary_subscr.9', 'rhs': '$26binary_subscr.12', 'res': '$28compare_op.13'}), (30, {'lhs': '$14compare_op.6', 'rhs': '$28compare_op.13', 'res': '$30binary_and.14'}), (32, {'retval': '$30binary_and.14', 'castval': '$32return_value.15'})), outgoing_phis={}, blockstack=(), active_try_block=None, outgoing_edgepushed={})
Sun, 19 Apr 2026 09:00:16 interpreter.py[line:1390] DEBUG label 0:
    x = arg(0, name=x)                       ['x']
    $const4.1 = const(int, 0)                ['$const4.1']
    $6binary_subscr.2 = getitem(value=x, index=$const4.1, fn=<built-in function getitem>) ['$6binary_subscr.2', '$const4.1', 'x']
    $const10.4 = const(int, -1)              ['$const10.4']
    $12binary_subscr.5 = getitem(value=x, index=$const10.4, fn=<built-in function getitem>) ['$12binary_subscr.5', '$const10.4', 'x']
    $14compare_op.6 = $6binary_subscr.2 > $12binary_subscr.5 ['$12binary_subscr.5', '$14compare_op.6', '$6binary_subscr.2']
    $const18.8 = const(int, 0)               ['$const18.8']
    $20binary_subscr.9 = getitem(value=x, index=$const18.8, fn=<built-in function getitem>) ['$20binary_subscr.9', '$const18.8', 'x']
    $const24.11 = const(int, 1)              ['$const24.11']
    $26binary_subscr.12 = getitem(value=x, index=$const24.11, fn=<built-in function getitem>) ['$26binary_subscr.12', '$const24.11', 'x']
    $28compare_op.13 = $20binary_subscr.9 >= $26binary_subscr.12 ['$20binary_subscr.9', '$26binary_subscr.12', '$28compare_op.13']
    $30binary_and.14 = $14compare_op.6 & $28compare_op.13 ['$14compare_op.6', '$28compare_op.13', '$30binary_and.14']
    $32return_value.15 = cast(value=$30binary_and.14) ['$30binary_and.14', '$32return_value.15']
    return $32return_value.15                ['$32return_value.15']

Sun, 19 Apr 2026 09:00:16 byteflow.py[line:76] DEBUG bytecode dump:
>          0	NOP(arg=None, lineno=1029)
           2	LOAD_FAST(arg=0, lineno=1032)
           4	LOAD_CONST(arg=1, lineno=1032)
           6	BINARY_SUBSCR(arg=None, lineno=1032)
           8	LOAD_FAST(arg=0, lineno=1032)
          10	LOAD_CONST(arg=2, lineno=1032)
          12	BINARY_SUBSCR(arg=None, lineno=1032)
          14	COMPARE_OP(arg=0, lineno=1032)
          16	LOAD_FAST(arg=0, lineno=1032)
          18	LOAD_CONST(arg=1, lineno=1032)
          20	BINARY_SUBSCR(arg=None, lineno=1032)
          22	LOAD_FAST(arg=0, lineno=1032)
          24	LOAD_CONST(arg=3, lineno=1032)
          26	BINARY_SUBSCR(arg=None, lineno=1032)
          28	COMPARE_OP(arg=1, lineno=1032)
          30	BINARY_AND(arg=None, lineno=1032)
          32	RETURN_VALUE(arg=None, lineno=1032)
Sun, 19 Apr 2026 09:00:16 byteflow.py[line:102] DEBUG pending: deque([State(pc_initial=0 nstack_initial=0)])
Sun, 19 Apr 2026 09:00:16 byteflow.py[line:105] DEBUG stack: []
Sun, 19 Apr 2026 09:00:16 byteflow.py[line:106] DEBUG state.pc_initial: State(pc_initial=0 nstack_initial=0)
Sun, 19 Apr 2026 09:00:16 byteflow.py[line:333] DEBUG dispatch pc=0, inst=NOP(arg=None, lineno=1029)
Sun, 19 Apr 2026 09:00:16 byteflow.py[line:334] DEBUG stack []
Sun, 19 Apr 2026 09:00:16 byteflow.py[line:333] DEBUG dispatch pc=2, inst=LOAD_FAST(arg=0, lineno=1032)
Sun, 19 Apr 2026 09:00:16 byteflow.py[line:334] DEBUG stack []
Sun, 19 Apr 2026 09:00:16 byteflow.py[line:333] DEBUG dispatch pc=4, inst=LOAD_CONST(arg=1, lineno=1032)
Sun, 19 Apr 2026 09:00:16 byteflow.py[line:334] DEBUG stack ['$x2.0']
Sun, 19 Apr 2026 09:00:16 byteflow.py[line:333] DEBUG dispatch pc=6, inst=BINARY_SUBSCR(arg=None, lineno=1032)
Sun, 19 Apr 2026 09:00:16 byteflow.py[line:334] DEBUG stack ['$x2.0', '$const4.1']
Sun, 19 Apr 2026 09:00:16 byteflow.py[line:333] DEBUG dispatch pc=8, inst=LOAD_FAST(arg=0, lineno=1032)
Sun, 19 Apr 2026 09:00:16 byteflow.py[line:334] DEBUG stack ['$6binary_subscr.2']
Sun, 19 Apr 2026 09:00:16 byteflow.py[line:333] DEBUG dispatch pc=10, inst=LOAD_CONST(arg=2, lineno=1032)
Sun, 19 Apr 2026 09:00:16 byteflow.py[line:334] DEBUG stack ['$6binary_subscr.2', '$x8.3']
Sun, 19 Apr 2026 09:00:16 byteflow.py[line:333] DEBUG dispatch pc=12, inst=BINARY_SUBSCR(arg=None, lineno=1032)
Sun, 19 Apr 2026 09:00:16 byteflow.py[line:334] DEBUG stack ['$6binary_subscr.2', '$x8.3', '$const10.4']
Sun, 19 Apr 2026 09:00:16 byteflow.py[line:333] DEBUG dispatch pc=14, inst=COMPARE_OP(arg=0, lineno=1032)
Sun, 19 Apr 2026 09:00:16 byteflow.py[line:334] DEBUG stack ['$6binary_subscr.2', '$12binary_subscr.5']
Sun, 19 Apr 2026 09:00:16 byteflow.py[line:333] DEBUG dispatch pc=16, inst=LOAD_FAST(arg=0, lineno=1032)
Sun, 19 Apr 2026 09:00:16 byteflow.py[line:334] DEBUG stack ['$14compare_op.6']
Sun, 19 Apr 2026 09:00:16 byteflow.py[line:333] DEBUG dispatch pc=18, inst=LOAD_CONST(arg=1, lineno=1032)
Sun, 19 Apr 2026 09:00:16 byteflow.py[line:334] DEBUG stack ['$14compare_op.6', '$x16.7']
Sun, 19 Apr 2026 09:00:16 byteflow.py[line:333] DEBUG dispatch pc=20, inst=BINARY_SUBSCR(arg=None, lineno=1032)
Sun, 19 Apr 2026 09:00:16 byteflow.py[line:334] DEBUG stack ['$14compare_op.6', '$x16.7', '$const18.8']
Sun, 19 Apr 2026 09:00:16 byteflow.py[line:333] DEBUG dispatch pc=22, inst=LOAD_FAST(arg=0, lineno=1032)
Sun, 19 Apr 2026 09:00:16 byteflow.py[line:334] DEBUG stack ['$14compare_op.6', '$20binary_subscr.9']
Sun, 19 Apr 2026 09:00:16 byteflow.py[line:333] DEBUG dispatch pc=24, inst=LOAD_CONST(arg=3, lineno=1032)
Sun, 19 Apr 2026 09:00:16 byteflow.py[line:334] DEBUG stack ['$14compare_op.6', '$20binary_subscr.9', '$x22.10']
Sun, 19 Apr 2026 09:00:16 byteflow.py[line:333] DEBUG dispatch pc=26, inst=BINARY_SUBSCR(arg=None, lineno=1032)
Sun, 19 Apr 2026 09:00:16 byteflow.py[line:334] DEBUG stack ['$14compare_op.6', '$20binary_subscr.9', '$x22.10', '$const24.11']
Sun, 19 Apr 2026 09:00:16 byteflow.py[line:333] DEBUG dispatch pc=28, inst=COMPARE_OP(arg=1, lineno=1032)
Sun, 19 Apr 2026 09:00:16 byteflow.py[line:334] DEBUG stack ['$14compare_op.6', '$20binary_subscr.9', '$26binary_subscr.12']
Sun, 19 Apr 2026 09:00:16 byteflow.py[line:333] DEBUG dispatch pc=30, inst=BINARY_AND(arg=None, lineno=1032)
Sun, 19 Apr 2026 09:00:16 byteflow.py[line:334] DEBUG stack ['$14compare_op.6', '$28compare_op.13']
Sun, 19 Apr 2026 09:00:16 byteflow.py[line:333] DEBUG dispatch pc=32, inst=RETURN_VALUE(arg=None, lineno=1032)
Sun, 19 Apr 2026 09:00:16 byteflow.py[line:334] DEBUG stack ['$30binary_and.14']
Sun, 19 Apr 2026 09:00:16 byteflow.py[line:124] DEBUG end state. edges=[]
Sun, 19 Apr 2026 09:00:16 byteflow.py[line:205] DEBUG -------------------------Prune PHIs-------------------------
Sun, 19 Apr 2026 09:00:16 byteflow.py[line:274] DEBUG Used_phis: defaultdict(<class 'set'>, {State(pc_initial=0 nstack_initial=0): set()})
Sun, 19 Apr 2026 09:00:16 byteflow.py[line:231] DEBUG defmap: {}
Sun, 19 Apr 2026 09:00:16 byteflow.py[line:232] DEBUG phismap: defaultdict(<class 'set'>, {})
Sun, 19 Apr 2026 09:00:16 byteflow.py[line:253] DEBUG changing phismap: defaultdict(<class 'set'>, {})
Sun, 19 Apr 2026 09:00:16 byteflow.py[line:262] DEBUG keep phismap: {}
Sun, 19 Apr 2026 09:00:16 byteflow.py[line:268] DEBUG new_out: defaultdict(<class 'dict'>, {})
Sun, 19 Apr 2026 09:00:16 byteflow.py[line:278] DEBUG ----------------------DONE Prune PHIs-----------------------
Sun, 19 Apr 2026 09:00:16 byteflow.py[line:136] DEBUG block_infos State(pc_initial=0 nstack_initial=0):
AdaptBlockInfo(insts=((0, {}), (2, {'res': '$x2.0'}), (4, {'res': '$const4.1'}), (6, {'index': '$const4.1', 'target': '$x2.0', 'res': '$6binary_subscr.2'}), (8, {'res': '$x8.3'}), (10, {'res': '$const10.4'}), (12, {'index': '$const10.4', 'target': '$x8.3', 'res': '$12binary_subscr.5'}), (14, {'lhs': '$6binary_subscr.2', 'rhs': '$12binary_subscr.5', 'res': '$14compare_op.6'}), (16, {'res': '$x16.7'}), (18, {'res': '$const18.8'}), (20, {'index': '$const18.8', 'target': '$x16.7', 'res': '$20binary_subscr.9'}), (22, {'res': '$x22.10'}), (24, {'res': '$const24.11'}), (26, {'index': '$const24.11', 'target': '$x22.10', 'res': '$26binary_subscr.12'}), (28, {'lhs': '$20binary_subscr.9', 'rhs': '$26binary_subscr.12', 'res': '$28compare_op.13'}), (30, {'lhs': '$14compare_op.6', 'rhs': '$28compare_op.13', 'res': '$30binary_and.14'}), (32, {'retval': '$30binary_and.14', 'castval': '$32return_value.15'})), outgoing_phis={}, blockstack=(), active_try_block=None, outgoing_edgepushed={})
Sun, 19 Apr 2026 09:00:16 interpreter.py[line:1390] DEBUG label 0:
    x = arg(0, name=x)                       ['x']
    $const4.1 = const(int, 0)                ['$const4.1']
    $6binary_subscr.2 = getitem(value=x, index=$const4.1, fn=<built-in function getitem>) ['$6binary_subscr.2', '$const4.1', 'x']
    $const10.4 = const(int, -1)              ['$const10.4']
    $12binary_subscr.5 = getitem(value=x, index=$const10.4, fn=<built-in function getitem>) ['$12binary_subscr.5', '$const10.4', 'x']
    $14compare_op.6 = $6binary_subscr.2 < $12binary_subscr.5 ['$12binary_subscr.5', '$14compare_op.6', '$6binary_subscr.2']
    $const18.8 = const(int, 0)               ['$const18.8']
    $20binary_subscr.9 = getitem(value=x, index=$const18.8, fn=<built-in function getitem>) ['$20binary_subscr.9', '$const18.8', 'x']
    $const24.11 = const(int, 1)              ['$const24.11']
    $26binary_subscr.12 = getitem(value=x, index=$const24.11, fn=<built-in function getitem>) ['$26binary_subscr.12', '$const24.11', 'x']
    $28compare_op.13 = $20binary_subscr.9 <= $26binary_subscr.12 ['$20binary_subscr.9', '$26binary_subscr.12', '$28compare_op.13']
    $30binary_and.14 = $14compare_op.6 & $28compare_op.13 ['$14compare_op.6', '$28compare_op.13', '$30binary_and.14']
    $32return_value.15 = cast(value=$30binary_and.14) ['$30binary_and.14', '$32return_value.15']
    return $32return_value.15                ['$32return_value.15']

Sun, 19 Apr 2026 09:00:17 main.py[line:106] INFO Loading pretrained weights from ./ResNet22_mAP=0.430.pth
Sun, 19 Apr 2026 09:00:18 main.py[line:118] INFO   Skipped: spectrogram_extractor.stft.conv_real.weight (shape mismatch)
Sun, 19 Apr 2026 09:00:18 main.py[line:118] INFO   Skipped: spectrogram_extractor.stft.conv_imag.weight (shape mismatch)
Sun, 19 Apr 2026 09:00:18 main.py[line:118] INFO   Skipped: logmel_extractor.melW (shape mismatch)
Sun, 19 Apr 2026 09:00:18 main.py[line:118] INFO   Skipped: fc_audioset.weight (shape mismatch)
Sun, 19 Apr 2026 09:00:18 main.py[line:118] INFO   Skipped: fc_audioset.bias (shape mismatch)
Sun, 19 Apr 2026 09:00:18 main.py[line:122] INFO Loaded 145 / 150 pretrained layers
Sun, 19 Apr 2026 09:00:18 main.py[line:129] INFO Freezing CNN layers
Sun, 19 Apr 2026 09:00:18 main.py[line:138] INFO Trainable: 4202627 / 62881027 parameters
Sun, 19 Apr 2026 09:00:18 data_generator.py[line:26] INFO Dataset size: 50000 samples from ../data/data_for_ai/full_ver_3class/train.csv
Sun, 19 Apr 2026 09:00:18 data_generator.py[line:30] INFO   wake: 3815 samples
Sun, 19 Apr 2026 09:00:18 data_generator.py[line:30] INFO   rem: 2518 samples
Sun, 19 Apr 2026 09:00:18 data_generator.py[line:30] INFO   nrem: 43667 samples
Sun, 19 Apr 2026 09:00:18 data_generator.py[line:26] INFO Dataset size: 17425 samples from ../data/data_for_ai/full_ver_3class/val.csv
Sun, 19 Apr 2026 09:00:18 data_generator.py[line:30] INFO   wake: 1766 samples
Sun, 19 Apr 2026 09:00:18 data_generator.py[line:30] INFO   rem: 670 samples
Sun, 19 Apr 2026 09:00:18 data_generator.py[line:30] INFO   nrem: 14989 samples
Sun, 19 Apr 2026 09:00:18 main.py[line:161] INFO Oversampling enabled (WeightedRandomSampler)
Sun, 19 Apr 2026 09:00:18 main.py[line:166] INFO   wake: 3815 → ~16667 (oversampled)
Sun, 19 Apr 2026 09:00:18 main.py[line:166] INFO   rem: 2518 → ~16667 (oversampled)
Sun, 19 Apr 2026 09:00:18 main.py[line:166] INFO   nrem: 43667 → ~16667 (oversampled)
Sun, 19 Apr 2026 09:00:18 main.py[line:199] INFO Class weights: {'wake': '4.369', 'rem': '6.619', 'nrem': '0.382'}
Sun, 19 Apr 2026 09:00:18 main.py[line:203] INFO Loss function: focal
Sun, 19 Apr 2026 09:00:18 byteflow.py[line:76] DEBUG bytecode dump:
>          0	NOP(arg=None, lineno=1137)
           2	LOAD_FAST(arg=0, lineno=1140)
           4	LOAD_CONST(arg=1, lineno=1140)
           6	BINARY_SUBSCR(arg=None, lineno=1140)
           8	STORE_FAST(arg=3, lineno=1140)
          10	LOAD_FAST(arg=1, lineno=1141)
          12	UNARY_NEGATIVE(arg=None, lineno=1141)
          14	LOAD_FAST(arg=3, lineno=1141)
          16	DUP_TOP(arg=None, lineno=1141)
          18	ROT_THREE(arg=None, lineno=1141)
          20	COMPARE_OP(arg=1, lineno=1141)
          22	POP_JUMP_IF_FALSE(arg=32, lineno=1141)
          24	LOAD_FAST(arg=1, lineno=1141)
          26	COMPARE_OP(arg=1, lineno=1141)
          28	POP_JUMP_IF_FALSE(arg=40, lineno=1141)
          30	JUMP_FORWARD(arg=4, lineno=1141)
>         32	POP_TOP(arg=None, lineno=1141)
          34	JUMP_FORWARD(arg=4, lineno=1141)
>         36	LOAD_CONST(arg=1, lineno=1142)
          38	STORE_FAST(arg=3, lineno=1142)
>         40	LOAD_FAST(arg=0, lineno=1144)
          42	LOAD_CONST(arg=2, lineno=1144)
          44	BINARY_SUBSCR(arg=None, lineno=1144)
          46	STORE_FAST(arg=4, lineno=1144)
          48	LOAD_FAST(arg=1, lineno=1145)
          50	UNARY_NEGATIVE(arg=None, lineno=1145)
          52	LOAD_FAST(arg=4, lineno=1145)
          54	DUP_TOP(arg=None, lineno=1145)
          56	ROT_THREE(arg=None, lineno=1145)
          58	COMPARE_OP(arg=1, lineno=1145)
          60	POP_JUMP_IF_FALSE(arg=70, lineno=1145)
          62	LOAD_FAST(arg=1, lineno=1145)
          64	COMPARE_OP(arg=1, lineno=1145)
          66	POP_JUMP_IF_FALSE(arg=78, lineno=1145)
          68	JUMP_FORWARD(arg=4, lineno=1145)
>         70	POP_TOP(arg=None, lineno=1145)
          72	JUMP_FORWARD(arg=4, lineno=1145)
>         74	LOAD_CONST(arg=1, lineno=1146)
          76	STORE_FAST(arg=4, lineno=1146)
>         78	LOAD_FAST(arg=2, lineno=1148)
          80	POP_JUMP_IF_FALSE(arg=102, lineno=1148)
          82	LOAD_GLOBAL(arg=0, lineno=1149)
          84	LOAD_METHOD(arg=1, lineno=1149)
          86	LOAD_FAST(arg=3, lineno=1149)
          88	CALL_METHOD(arg=1, lineno=1149)
          90	LOAD_GLOBAL(arg=0, lineno=1149)
          92	LOAD_METHOD(arg=1, lineno=1149)
          94	LOAD_FAST(arg=4, lineno=1149)
          96	CALL_METHOD(arg=1, lineno=1149)
          98	COMPARE_OP(arg=3, lineno=1149)
         100	RETURN_VALUE(arg=None, lineno=1149)
>        102	LOAD_GLOBAL(arg=0, lineno=1151)
         104	LOAD_METHOD(arg=2, lineno=1151)
         106	LOAD_FAST(arg=3, lineno=1151)
         108	CALL_METHOD(arg=1, lineno=1151)
         110	LOAD_GLOBAL(arg=0, lineno=1151)
         112	LOAD_METHOD(arg=2, lineno=1151)
         114	LOAD_FAST(arg=4, lineno=1151)
         116	CALL_METHOD(arg=1, lineno=1151)
         118	COMPARE_OP(arg=3, lineno=1151)
         120	RETURN_VALUE(arg=None, lineno=1151)
         122	LOAD_CONST(arg=3, lineno=1151)
         124	RETURN_VALUE(arg=None, lineno=1151)
Sun, 19 Apr 2026 09:00:18 byteflow.py[line:102] DEBUG pending: deque([State(pc_initial=0 nstack_initial=0)])
Sun, 19 Apr 2026 09:00:18 byteflow.py[line:105] DEBUG stack: []
Sun, 19 Apr 2026 09:00:18 byteflow.py[line:106] DEBUG state.pc_initial: State(pc_initial=0 nstack_initial=0)
Sun, 19 Apr 2026 09:00:18 byteflow.py[line:333] DEBUG dispatch pc=0, inst=NOP(arg=None, lineno=1137)
Sun, 19 Apr 2026 09:00:18 byteflow.py[line:334] DEBUG stack []
Sun, 19 Apr 2026 09:00:18 byteflow.py[line:333] DEBUG dispatch pc=2, inst=LOAD_FAST(arg=0, lineno=1140)
Sun, 19 Apr 2026 09:00:18 byteflow.py[line:334] DEBUG stack []
Sun, 19 Apr 2026 09:00:18 byteflow.py[line:333] DEBUG dispatch pc=4, inst=LOAD_CONST(arg=1, lineno=1140)
Sun, 19 Apr 2026 09:00:18 byteflow.py[line:334] DEBUG stack ['$x2.0']
Sun, 19 Apr 2026 09:00:18 byteflow.py[line:333] DEBUG dispatch pc=6, inst=BINARY_SUBSCR(arg=None, lineno=1140)
Sun, 19 Apr 2026 09:00:18 byteflow.py[line:334] DEBUG stack ['$x2.0', '$const4.1']
Sun, 19 Apr 2026 09:00:18 byteflow.py[line:333] DEBUG dispatch pc=8, inst=STORE_FAST(arg=3, lineno=1140)
Sun, 19 Apr 2026 09:00:18 byteflow.py[line:334] DEBUG stack ['$6binary_subscr.2']
Sun, 19 Apr 2026 09:00:18 byteflow.py[line:333] DEBUG dispatch pc=10, inst=LOAD_FAST(arg=1, lineno=1141)
Sun, 19 Apr 2026 09:00:18 byteflow.py[line:334] DEBUG stack []
Sun, 19 Apr 2026 09:00:18 byteflow.py[line:333] DEBUG dispatch pc=12, inst=UNARY_NEGATIVE(arg=None, lineno=1141)
Sun, 19 Apr 2026 09:00:18 byteflow.py[line:334] DEBUG stack ['$threshold10.3']
Sun, 19 Apr 2026 09:00:18 byteflow.py[line:333] DEBUG dispatch pc=14, inst=LOAD_FAST(arg=3, lineno=1141)
Sun, 19 Apr 2026 09:00:18 byteflow.py[line:334] DEBUG stack ['$12unary_negative.4']
Sun, 19 Apr 2026 09:00:18 byteflow.py[line:333] DEBUG dispatch pc=16, inst=DUP_TOP(arg=None, lineno=1141)
Sun, 19 Apr 2026 09:00:18 byteflow.py[line:334] DEBUG stack ['$12unary_negative.4', '$x014.5']
Sun, 19 Apr 2026 09:00:18 byteflow.py[line:333] DEBUG dispatch pc=18, inst=ROT_THREE(arg=None, lineno=1141)
Sun, 19 Apr 2026 09:00:18 byteflow.py[line:334] DEBUG stack ['$12unary_negative.4', '$x014.5', '$16dup_top.6']
Sun, 19 Apr 2026 09:00:18 byteflow.py[line:333] DEBUG dispatch pc=20, inst=COMPARE_OP(arg=1, lineno=1141)
Sun, 19 Apr 2026 09:00:18 byteflow.py[line:334] DEBUG stack ['$16dup_top.6', '$12unary_negative.4', '$x014.5']
Sun, 19 Apr 2026 09:00:18 byteflow.py[line:333] DEBUG dispatch pc=22, inst=POP_JUMP_IF_FALSE(arg=32, lineno=1141)
Sun, 19 Apr 2026 09:00:18 byteflow.py[line:334] DEBUG stack ['$16dup_top.6', '$20compare_op.7']
Sun, 19 Apr 2026 09:00:18 byteflow.py[line:124] DEBUG end state. edges=[Edge(pc=24, stack=('$16dup_top.6',), blockstack=(), npush=0), Edge(pc=32, stack=('$16dup_top.6',), blockstack=(), npush=0)]
Sun, 19 Apr 2026 09:00:18 byteflow.py[line:102] DEBUG pending: deque([State(pc_initial=24 nstack_initial=1), State(pc_initial=32 nstack_initial=1)])
Sun, 19 Apr 2026 09:00:18 byteflow.py[line:105] DEBUG stack: ['$phi24.0']
Sun, 19 Apr 2026 09:00:18 byteflow.py[line:106] DEBUG state.pc_initial: State(pc_initial=24 nstack_initial=1)
Sun, 19 Apr 2026 09:00:18 byteflow.py[line:333] DEBUG dispatch pc=24, inst=LOAD_FAST(arg=1, lineno=1141)
Sun, 19 Apr 2026 09:00:18 byteflow.py[line:334] DEBUG stack ['$phi24.0']
Sun, 19 Apr 2026 09:00:18 byteflow.py[line:333] DEBUG dispatch pc=26, inst=COMPARE_OP(arg=1, lineno=1141)
Sun, 19 Apr 2026 09:00:18 byteflow.py[line:334] DEBUG stack ['$phi24.0', '$threshold24.1']
Sun, 19 Apr 2026 09:00:18 byteflow.py[line:333] DEBUG dispatch pc=28, inst=POP_JUMP_IF_FALSE(arg=40, lineno=1141)
Sun, 19 Apr 2026 09:00:18 byteflow.py[line:334] DEBUG stack ['$26compare_op.2']
Sun, 19 Apr 2026 09:00:18 byteflow.py[line:124] DEBUG end state. edges=[Edge(pc=30, stack=(), blockstack=(), npush=0), Edge(pc=40, stack=(), blockstack=(), npush=0)]
Sun, 19 Apr 2026 09:00:18 byteflow.py[line:102] DEBUG pending: deque([State(pc_initial=32 nstack_initial=1), State(pc_initial=30 nstack_initial=0), State(pc_initial=40 nstack_initial=0)])
Sun, 19 Apr 2026 09:00:18 byteflow.py[line:105] DEBUG stack: ['$phi32.0']
Sun, 19 Apr 2026 09:00:18 byteflow.py[line:106] DEBUG state.pc_initial: State(pc_initial=32 nstack_initial=1)
Sun, 19 Apr 2026 09:00:18 byteflow.py[line:333] DEBUG dispatch pc=32, inst=POP_TOP(arg=None, lineno=1141)
Sun, 19 Apr 2026 09:00:18 byteflow.py[line:334] DEBUG stack ['$phi32.0']
Sun, 19 Apr 2026 09:00:18 byteflow.py[line:333] DEBUG dispatch pc=34, inst=JUMP_FORWARD(arg=4, lineno=1141)
Sun, 19 Apr 2026 09:00:18 byteflow.py[line:334] DEBUG stack []
Sun, 19 Apr 2026 09:00:18 byteflow.py[line:124] DEBUG end state. edges=[Edge(pc=40, stack=(), blockstack=(), npush=0)]
Sun, 19 Apr 2026 09:00:18 byteflow.py[line:102] DEBUG pending: deque([State(pc_initial=30 nstack_initial=0), State(pc_initial=40 nstack_initial=0), State(pc_initial=40 nstack_initial=0)])
Sun, 19 Apr 2026 09:00:18 byteflow.py[line:105] DEBUG stack: []
Sun, 19 Apr 2026 09:00:18 byteflow.py[line:106] DEBUG state.pc_initial: State(pc_initial=30 nstack_initial=0)
Sun, 19 Apr 2026 09:00:18 byteflow.py[line:333] DEBUG dispatch pc=30, inst=JUMP_FORWARD(arg=4, lineno=1141)
Sun, 19 Apr 2026 09:00:18 byteflow.py[line:334] DEBUG stack []
Sun, 19 Apr 2026 09:00:18 byteflow.py[line:124] DEBUG end state. edges=[Edge(pc=36, stack=(), blockstack=(), npush=0)]
Sun, 19 Apr 2026 09:00:18 byteflow.py[line:102] DEBUG pending: deque([State(pc_initial=40 nstack_initial=0), State(pc_initial=40 nstack_initial=0), State(pc_initial=36 nstack_initial=0)])
Sun, 19 Apr 2026 09:00:18 byteflow.py[line:105] DEBUG stack: []
Sun, 19 Apr 2026 09:00:18 byteflow.py[line:106] DEBUG state.pc_initial: State(pc_initial=40 nstack_initial=0)
Sun, 19 Apr 2026 09:00:18 byteflow.py[line:333] DEBUG dispatch pc=40, inst=LOAD_FAST(arg=0, lineno=1144)
Sun, 19 Apr 2026 09:00:18 byteflow.py[line:334] DEBUG stack []
Sun, 19 Apr 2026 09:00:18 byteflow.py[line:333] DEBUG dispatch pc=42, inst=LOAD_CONST(arg=2, lineno=1144)
Sun, 19 Apr 2026 09:00:18 byteflow.py[line:334] DEBUG stack ['$x40.0']
Sun, 19 Apr 2026 09:00:18 byteflow.py[line:333] DEBUG dispatch pc=44, inst=BINARY_SUBSCR(arg=None, lineno=1144)
Sun, 19 Apr 2026 09:00:18 byteflow.py[line:334] DEBUG stack ['$x40.0', '$const42.1']
Sun, 19 Apr 2026 09:00:18 byteflow.py[line:333] DEBUG dispatch pc=46, inst=STORE_FAST(arg=4, lineno=1144)
Sun, 19 Apr 2026 09:00:18 byteflow.py[line:334] DEBUG stack ['$44binary_subscr.2']
Sun, 19 Apr 2026 09:00:18 byteflow.py[line:333] DEBUG dispatch pc=48, inst=LOAD_FAST(arg=1, lineno=1145)
Sun, 19 Apr 2026 09:00:18 byteflow.py[line:334] DEBUG stack []
Sun, 19 Apr 2026 09:00:18 byteflow.py[line:333] DEBUG dispatch pc=50, inst=UNARY_NEGATIVE(arg=None, lineno=1145)
Sun, 19 Apr 2026 09:00:18 byteflow.py[line:334] DEBUG stack ['$threshold48.3']
Sun, 19 Apr 2026 09:00:18 byteflow.py[line:333] DEBUG dispatch pc=52, inst=LOAD_FAST(arg=4, lineno=1145)
Sun, 19 Apr 2026 09:00:18 byteflow.py[line:334] DEBUG stack ['$50unary_negative.4']
Sun, 19 Apr 2026 09:00:18 byteflow.py[line:333] DEBUG dispatch pc=54, inst=DUP_TOP(arg=None, lineno=1145)
Sun, 19 Apr 2026 09:00:18 byteflow.py[line:334] DEBUG stack ['$50unary_negative.4', '$x152.5']
Sun, 19 Apr 2026 09:00:18 byteflow.py[line:333] DEBUG dispatch pc=56, inst=ROT_THREE(arg=None, lineno=1145)
Sun, 19 Apr 2026 09:00:18 byteflow.py[line:334] DEBUG stack ['$50unary_negative.4', '$x152.5', '$54dup_top.6']
Sun, 19 Apr 2026 09:00:18 byteflow.py[line:333] DEBUG dispatch pc=58, inst=COMPARE_OP(arg=1, lineno=1145)
Sun, 19 Apr 2026 09:00:18 byteflow.py[line:334] DEBUG stack ['$54dup_top.6', '$50unary_negative.4', '$x152.5']
Sun, 19 Apr 2026 09:00:18 byteflow.py[line:333] DEBUG dispatch pc=60, inst=POP_JUMP_IF_FALSE(arg=70, lineno=1145)
Sun, 19 Apr 2026 09:00:18 byteflow.py[line:334] DEBUG stack ['$54dup_top.6', '$58compare_op.7']
Sun, 19 Apr 2026 09:00:18 byteflow.py[line:124] DEBUG end state. edges=[Edge(pc=62, stack=('$54dup_top.6',), blockstack=(), npush=0), Edge(pc=70, stack=('$54dup_top.6',), blockstack=(), npush=0)]
Sun, 19 Apr 2026 09:00:18 byteflow.py[line:102] DEBUG pending: deque([State(pc_initial=40 nstack_initial=0), State(pc_initial=36 nstack_initial=0), State(pc_initial=62 nstack_initial=1), State(pc_initial=70 nstack_initial=1)])
Sun, 19 Apr 2026 09:00:18 byteflow.py[line:102] DEBUG pending: deque([State(pc_initial=36 nstack_initial=0), State(pc_initial=62 nstack_initial=1), State(pc_initial=70 nstack_initial=1)])
Sun, 19 Apr 2026 09:00:18 byteflow.py[line:105] DEBUG stack: []
Sun, 19 Apr 2026 09:00:18 byteflow.py[line:106] DEBUG state.pc_initial: State(pc_initial=36 nstack_initial=0)
Sun, 19 Apr 2026 09:00:18 byteflow.py[line:333] DEBUG dispatch pc=36, inst=LOAD_CONST(arg=1, lineno=1142)
Sun, 19 Apr 2026 09:00:18 byteflow.py[line:334] DEBUG stack []
Sun, 19 Apr 2026 09:00:18 byteflow.py[line:333] DEBUG dispatch pc=38, inst=STORE_FAST(arg=3, lineno=1142)
Sun, 19 Apr 2026 09:00:18 byteflow.py[line:334] DEBUG stack ['$const36.0']
Sun, 19 Apr 2026 09:00:18 byteflow.py[line:124] DEBUG end state. edges=[Edge(pc=40, stack=(), blockstack=(), npush=0)]
Sun, 19 Apr 2026 09:00:18 byteflow.py[line:102] DEBUG pending: deque([State(pc_initial=62 nstack_initial=1), State(pc_initial=70 nstack_initial=1), State(pc_initial=40 nstack_initial=0)])
Sun, 19 Apr 2026 09:00:18 byteflow.py[line:105] DEBUG stack: ['$phi62.0']
Sun, 19 Apr 2026 09:00:18 byteflow.py[line:106] DEBUG state.pc_initial: State(pc_initial=62 nstack_initial=1)
Sun, 19 Apr 2026 09:00:18 byteflow.py[line:333] DEBUG dispatch pc=62, inst=LOAD_FAST(arg=1, lineno=1145)
Sun, 19 Apr 2026 09:00:18 byteflow.py[line:334] DEBUG stack ['$phi62.0']
Sun, 19 Apr 2026 09:00:18 byteflow.py[line:333] DEBUG dispatch pc=64, inst=COMPARE_OP(arg=1, lineno=1145)
Sun, 19 Apr 2026 09:00:18 byteflow.py[line:334] DEBUG stack ['$phi62.0', '$threshold62.1']
Sun, 19 Apr 2026 09:00:18 byteflow.py[line:333] DEBUG dispatch pc=66, inst=POP_JUMP_IF_FALSE(arg=78, lineno=1145)
Sun, 19 Apr 2026 09:00:18 byteflow.py[line:334] DEBUG stack ['$64compare_op.2']
Sun, 19 Apr 2026 09:00:18 byteflow.py[line:124] DEBUG end state. edges=[Edge(pc=68, stack=(), blockstack=(), npush=0), Edge(pc=78, stack=(), blockstack=(), npush=0)]
Sun, 19 Apr 2026 09:00:18 byteflow.py[line:102] DEBUG pending: deque([State(pc_initial=70 nstack_initial=1), State(pc_initial=40 nstack_initial=0), State(pc_initial=68 nstack_initial=0), State(pc_initial=78 nstack_initial=0)])
Sun, 19 Apr 2026 09:00:18 byteflow.py[line:105] DEBUG stack: ['$phi70.0']
Sun, 19 Apr 2026 09:00:18 byteflow.py[line:106] DEBUG state.pc_initial: State(pc_initial=70 nstack_initial=1)
Sun, 19 Apr 2026 09:00:18 byteflow.py[line:333] DEBUG dispatch pc=70, inst=POP_TOP(arg=None, lineno=1145)
Sun, 19 Apr 2026 09:00:18 byteflow.py[line:334] DEBUG stack ['$phi70.0']
Sun, 19 Apr 2026 09:00:18 byteflow.py[line:333] DEBUG dispatch pc=72, inst=JUMP_FORWARD(arg=4, lineno=1145)
Sun, 19 Apr 2026 09:00:18 byteflow.py[line:334] DEBUG stack []
Sun, 19 Apr 2026 09:00:18 byteflow.py[line:124] DEBUG end state. edges=[Edge(pc=78, stack=(), blockstack=(), npush=0)]
Sun, 19 Apr 2026 09:00:18 byteflow.py[line:102] DEBUG pending: deque([State(pc_initial=40 nstack_initial=0), State(pc_initial=68 nstack_initial=0), State(pc_initial=78 nstack_initial=0), State(pc_initial=78 nstack_initial=0)])
Sun, 19 Apr 2026 09:00:18 byteflow.py[line:102] DEBUG pending: deque([State(pc_initial=68 nstack_initial=0), State(pc_initial=78 nstack_initial=0), State(pc_initial=78 nstack_initial=0)])
Sun, 19 Apr 2026 09:00:18 byteflow.py[line:105] DEBUG stack: []
Sun, 19 Apr 2026 09:00:18 byteflow.py[line:106] DEBUG state.pc_initial: State(pc_initial=68 nstack_initial=0)
Sun, 19 Apr 2026 09:00:18 byteflow.py[line:333] DEBUG dispatch pc=68, inst=JUMP_FORWARD(arg=4, lineno=1145)
Sun, 19 Apr 2026 09:00:18 byteflow.py[line:334] DEBUG stack []
Sun, 19 Apr 2026 09:00:18 byteflow.py[line:124] DEBUG end state. edges=[Edge(pc=74, stack=(), blockstack=(), npush=0)]
Sun, 19 Apr 2026 09:00:18 byteflow.py[line:102] DEBUG pending: deque([State(pc_initial=78 nstack_initial=0), State(pc_initial=78 nstack_initial=0), State(pc_initial=74 nstack_initial=0)])
Sun, 19 Apr 2026 09:00:18 byteflow.py[line:105] DEBUG stack: []
Sun, 19 Apr 2026 09:00:18 byteflow.py[line:106] DEBUG state.pc_initial: State(pc_initial=78 nstack_initial=0)
Sun, 19 Apr 2026 09:00:18 byteflow.py[line:333] DEBUG dispatch pc=78, inst=LOAD_FAST(arg=2, lineno=1148)
Sun, 19 Apr 2026 09:00:18 byteflow.py[line:334] DEBUG stack []
Sun, 19 Apr 2026 09:00:18 byteflow.py[line:333] DEBUG dispatch pc=80, inst=POP_JUMP_IF_FALSE(arg=102, lineno=1148)
Sun, 19 Apr 2026 09:00:18 byteflow.py[line:334] DEBUG stack ['$zero_pos78.0']
Sun, 19 Apr 2026 09:00:18 byteflow.py[line:124] DEBUG end state. edges=[Edge(pc=82, stack=(), blockstack=(), npush=0), Edge(pc=102, stack=(), blockstack=(), npush=0)]
Sun, 19 Apr 2026 09:00:18 byteflow.py[line:102] DEBUG pending: deque([State(pc_initial=78 nstack_initial=0), State(pc_initial=74 nstack_initial=0), State(pc_initial=82 nstack_initial=0), State(pc_initial=102 nstack_initial=0)])
Sun, 19 Apr 2026 09:00:18 byteflow.py[line:102] DEBUG pending: deque([State(pc_initial=74 nstack_initial=0), State(pc_initial=82 nstack_initial=0), State(pc_initial=102 nstack_initial=0)])
Sun, 19 Apr 2026 09:00:18 byteflow.py[line:105] DEBUG stack: []
Sun, 19 Apr 2026 09:00:18 byteflow.py[line:106] DEBUG state.pc_initial: State(pc_initial=74 nstack_initial=0)
Sun, 19 Apr 2026 09:00:18 byteflow.py[line:333] DEBUG dispatch pc=74, inst=LOAD_CONST(arg=1, lineno=1146)
Sun, 19 Apr 2026 09:00:18 byteflow.py[line:334] DEBUG stack []
Sun, 19 Apr 2026 09:00:18 byteflow.py[line:333] DEBUG dispatch pc=76, inst=STORE_FAST(arg=4, lineno=1146)
Sun, 19 Apr 2026 09:00:18 byteflow.py[line:334] DEBUG stack ['$const74.0']
Sun, 19 Apr 2026 09:00:18 byteflow.py[line:124] DEBUG end state. edges=[Edge(pc=78, stack=(), blockstack=(), npush=0)]
Sun, 19 Apr 2026 09:00:18 byteflow.py[line:102] DEBUG pending: deque([State(pc_initial=82 nstack_initial=0), State(pc_initial=102 nstack_initial=0), State(pc_initial=78 nstack_initial=0)])
Sun, 19 Apr 2026 09:00:18 byteflow.py[line:105] DEBUG stack: []
Sun, 19 Apr 2026 09:00:18 byteflow.py[line:106] DEBUG state.pc_initial: State(pc_initial=82 nstack_initial=0)
Sun, 19 Apr 2026 09:00:18 byteflow.py[line:333] DEBUG dispatch pc=82, inst=LOAD_GLOBAL(arg=0, lineno=1149)
Sun, 19 Apr 2026 09:00:18 byteflow.py[line:334] DEBUG stack []
Sun, 19 Apr 2026 09:00:18 byteflow.py[line:333] DEBUG dispatch pc=84, inst=LOAD_METHOD(arg=1, lineno=1149)
Sun, 19 Apr 2026 09:00:18 byteflow.py[line:334] DEBUG stack ['$82load_global.0']
Sun, 19 Apr 2026 09:00:18 byteflow.py[line:333] DEBUG dispatch pc=86, inst=LOAD_FAST(arg=3, lineno=1149)
Sun, 19 Apr 2026 09:00:18 byteflow.py[line:334] DEBUG stack ['$84load_method.1']
Sun, 19 Apr 2026 09:00:18 byteflow.py[line:333] DEBUG dispatch pc=88, inst=CALL_METHOD(arg=1, lineno=1149)
Sun, 19 Apr 2026 09:00:18 byteflow.py[line:334] DEBUG stack ['$84load_method.1', '$x086.2']
Sun, 19 Apr 2026 09:00:18 byteflow.py[line:333] DEBUG dispatch pc=90, inst=LOAD_GLOBAL(arg=0, lineno=1149)
Sun, 19 Apr 2026 09:00:18 byteflow.py[line:334] DEBUG stack ['$88call_method.3']
Sun, 19 Apr 2026 09:00:18 byteflow.py[line:333] DEBUG dispatch pc=92, inst=LOAD_METHOD(arg=1, lineno=1149)
Sun, 19 Apr 2026 09:00:18 byteflow.py[line:334] DEBUG stack ['$88call_method.3', '$90load_global.4']
Sun, 19 Apr 2026 09:00:18 byteflow.py[line:333] DEBUG dispatch pc=94, inst=LOAD_FAST(arg=4, lineno=1149)
Sun, 19 Apr 2026 09:00:18 byteflow.py[line:334] DEBUG stack ['$88call_method.3', '$92load_method.5']
Sun, 19 Apr 2026 09:00:18 byteflow.py[line:333] DEBUG dispatch pc=96, inst=CALL_METHOD(arg=1, lineno=1149)
Sun, 19 Apr 2026 09:00:18 byteflow.py[line:334] DEBUG stack ['$88call_method.3', '$92load_method.5', '$x194.6']
Sun, 19 Apr 2026 09:00:18 byteflow.py[line:333] DEBUG dispatch pc=98, inst=COMPARE_OP(arg=3, lineno=1149)
Sun, 19 Apr 2026 09:00:18 byteflow.py[line:334] DEBUG stack ['$88call_method.3', '$96call_method.7']
Sun, 19 Apr 2026 09:00:18 byteflow.py[line:333] DEBUG dispatch pc=100, inst=RETURN_VALUE(arg=None, lineno=1149)
Sun, 19 Apr 2026 09:00:18 byteflow.py[line:334] DEBUG stack ['$98compare_op.8']
Sun, 19 Apr 2026 09:00:18 byteflow.py[line:124] DEBUG end state. edges=[]
Sun, 19 Apr 2026 09:00:18 byteflow.py[line:102] DEBUG pending: deque([State(pc_initial=102 nstack_initial=0), State(pc_initial=78 nstack_initial=0)])
Sun, 19 Apr 2026 09:00:18 byteflow.py[line:105] DEBUG stack: []
Sun, 19 Apr 2026 09:00:18 byteflow.py[line:106] DEBUG state.pc_initial: State(pc_initial=102 nstack_initial=0)
Sun, 19 Apr 2026 09:00:18 byteflow.py[line:333] DEBUG dispatch pc=102, inst=LOAD_GLOBAL(arg=0, lineno=1151)
Sun, 19 Apr 2026 09:00:18 byteflow.py[line:334] DEBUG stack []
Sun, 19 Apr 2026 09:00:18 byteflow.py[line:333] DEBUG dispatch pc=104, inst=LOAD_METHOD(arg=2, lineno=1151)
Sun, 19 Apr 2026 09:00:18 byteflow.py[line:334] DEBUG stack ['$102load_global.0']
Sun, 19 Apr 2026 09:00:18 byteflow.py[line:333] DEBUG dispatch pc=106, inst=LOAD_FAST(arg=3, lineno=1151)
Sun, 19 Apr 2026 09:00:18 byteflow.py[line:334] DEBUG stack ['$104load_method.1']
Sun, 19 Apr 2026 09:00:18 byteflow.py[line:333] DEBUG dispatch pc=108, inst=CALL_METHOD(arg=1, lineno=1151)
Sun, 19 Apr 2026 09:00:18 byteflow.py[line:334] DEBUG stack ['$104load_method.1', '$x0106.2']
Sun, 19 Apr 2026 09:00:18 byteflow.py[line:333] DEBUG dispatch pc=110, inst=LOAD_GLOBAL(arg=0, lineno=1151)
Sun, 19 Apr 2026 09:00:18 byteflow.py[line:334] DEBUG stack ['$108call_method.3']
Sun, 19 Apr 2026 09:00:18 byteflow.py[line:333] DEBUG dispatch pc=112, inst=LOAD_METHOD(arg=2, lineno=1151)
Sun, 19 Apr 2026 09:00:18 byteflow.py[line:334] DEBUG stack ['$108call_method.3', '$110load_global.4']
Sun, 19 Apr 2026 09:00:18 byteflow.py[line:333] DEBUG dispatch pc=114, inst=LOAD_FAST(arg=4, lineno=1151)
Sun, 19 Apr 2026 09:00:18 byteflow.py[line:334] DEBUG stack ['$108call_method.3', '$112load_method.5']
Sun, 19 Apr 2026 09:00:18 byteflow.py[line:333] DEBUG dispatch pc=116, inst=CALL_METHOD(arg=1, lineno=1151)
Sun, 19 Apr 2026 09:00:18 byteflow.py[line:334] DEBUG stack ['$108call_method.3', '$112load_method.5', '$x1114.6']
Sun, 19 Apr 2026 09:00:18 byteflow.py[line:333] DEBUG dispatch pc=118, inst=COMPARE_OP(arg=3, lineno=1151)
Sun, 19 Apr 2026 09:00:18 byteflow.py[line:334] DEBUG stack ['$108call_method.3', '$116call_method.7']
Sun, 19 Apr 2026 09:00:18 byteflow.py[line:333] DEBUG dispatch pc=120, inst=RETURN_VALUE(arg=None, lineno=1151)
Sun, 19 Apr 2026 09:00:18 byteflow.py[line:334] DEBUG stack ['$118compare_op.8']
Sun, 19 Apr 2026 09:00:18 byteflow.py[line:124] DEBUG end state. edges=[]
Sun, 19 Apr 2026 09:00:18 byteflow.py[line:102] DEBUG pending: deque([State(pc_initial=78 nstack_initial=0)])
Sun, 19 Apr 2026 09:00:18 byteflow.py[line:205] DEBUG -------------------------Prune PHIs-------------------------
Sun, 19 Apr 2026 09:00:18 byteflow.py[line:274] DEBUG Used_phis: defaultdict(<class 'set'>,
            {State(pc_initial=0 nstack_initial=0): set(),
             State(pc_initial=24 nstack_initial=1): {'$phi24.0'},
             State(pc_initial=30 nstack_initial=0): set(),
             State(pc_initial=32 nstack_initial=1): set(),
             State(pc_initial=36 nstack_initial=0): set(),
             State(pc_initial=40 nstack_initial=0): set(),
             State(pc_initial=62 nstack_initial=1): {'$phi62.0'},
             State(pc_initial=68 nstack_initial=0): set(),
             State(pc_initial=70 nstack_initial=1): set(),
             State(pc_initial=74 nstack_initial=0): set(),
             State(pc_initial=78 nstack_initial=0): set(),
             State(pc_initial=82 nstack_initial=0): set(),
             State(pc_initial=102 nstack_initial=0): set()})
Sun, 19 Apr 2026 09:00:18 byteflow.py[line:231] DEBUG defmap: {'$phi24.0': State(pc_initial=0 nstack_initial=0),
 '$phi32.0': State(pc_initial=0 nstack_initial=0),
 '$phi62.0': State(pc_initial=40 nstack_initial=0),
 '$phi70.0': State(pc_initial=40 nstack_initial=0)}
Sun, 19 Apr 2026 09:00:18 byteflow.py[line:232] DEBUG phismap: defaultdict(<class 'set'>,
            {'$phi24.0': {('$16dup_top.6',
                           State(pc_initial=0 nstack_initial=0))},
             '$phi32.0': {('$16dup_top.6',
                           State(pc_initial=0 nstack_initial=0))},
             '$phi62.0': {('$54dup_top.6',
                           State(pc_initial=40 nstack_initial=0))},
             '$phi70.0': {('$54dup_top.6',
                           State(pc_initial=40 nstack_initial=0))}})
Sun, 19 Apr 2026 09:00:18 byteflow.py[line:253] DEBUG changing phismap: defaultdict(<class 'set'>,
            {'$phi24.0': {('$16dup_top.6',
                           State(pc_initial=0 nstack_initial=0))},
             '$phi32.0': {('$16dup_top.6',
                           State(pc_initial=0 nstack_initial=0))},
             '$phi62.0': {('$54dup_top.6',
                           State(pc_initial=40 nstack_initial=0))},
             '$phi70.0': {('$54dup_top.6',
                           State(pc_initial=40 nstack_initial=0))}})
Sun, 19 Apr 2026 09:00:18 byteflow.py[line:262] DEBUG keep phismap: {'$phi24.0': {('$16dup_top.6', State(pc_initial=0 nstack_initial=0))},
 '$phi62.0': {('$54dup_top.6', State(pc_initial=40 nstack_initial=0))}}
Sun, 19 Apr 2026 09:00:18 byteflow.py[line:268] DEBUG new_out: defaultdict(<class 'dict'>,
            {State(pc_initial=0 nstack_initial=0): {'$phi24.0': '$16dup_top.6'},
             State(pc_initial=40 nstack_initial=0): {'$phi62.0': '$54dup_top.6'}})
Sun, 19 Apr 2026 09:00:18 byteflow.py[line:278] DEBUG ----------------------DONE Prune PHIs-----------------------
Sun, 19 Apr 2026 09:00:18 byteflow.py[line:136] DEBUG block_infos State(pc_initial=0 nstack_initial=0):
AdaptBlockInfo(insts=((0, {}), (2, {'res': '$x2.0'}), (4, {'res': '$const4.1'}), (6, {'index': '$const4.1', 'target': '$x2.0', 'res': '$6binary_subscr.2'}), (8, {'value': '$6binary_subscr.2'}), (10, {'res': '$threshold10.3'}), (12, {'value': '$threshold10.3', 'res': '$12unary_negative.4'}), (14, {'res': '$x014.5'}), (16, {'orig': ['$x014.5'], 'duped': ['$16dup_top.6']}), (20, {'lhs': '$12unary_negative.4', 'rhs': '$x014.5', 'res': '$20compare_op.7'}), (22, {'pred': '$20compare_op.7'})), outgoing_phis={'$phi24.0': '$16dup_top.6'}, blockstack=(), active_try_block=None, outgoing_edgepushed={24: ('$16dup_top.6',), 32: ('$16dup_top.6',)})
Sun, 19 Apr 2026 09:00:18 byteflow.py[line:136] DEBUG block_infos State(pc_initial=24 nstack_initial=1):
AdaptBlockInfo(insts=((24, {'res': '$threshold24.1'}), (26, {'lhs': '$phi24.0', 'rhs': '$threshold24.1', 'res': '$26compare_op.2'}), (28, {'pred': '$26compare_op.2'})), outgoing_phis={}, blockstack=(), active_try_block=None, outgoing_edgepushed={30: (), 40: ()})
Sun, 19 Apr 2026 09:00:18 byteflow.py[line:136] DEBUG block_infos State(pc_initial=30 nstack_initial=0):
AdaptBlockInfo(insts=((30, {}),), outgoing_phis={}, blockstack=(), active_try_block=None, outgoing_edgepushed={36: ()})
Sun, 19 Apr 2026 09:00:18 byteflow.py[line:136] DEBUG block_infos State(pc_initial=32 nstack_initial=1):
AdaptBlockInfo(insts=((34, {}),), outgoing_phis={}, blockstack=(), active_try_block=None, outgoing_edgepushed={40: ()})
Sun, 19 Apr 2026 09:00:18 byteflow.py[line:136] DEBUG block_infos State(pc_initial=36 nstack_initial=0):
AdaptBlockInfo(insts=((36, {'res': '$const36.0'}), (38, {'value': '$const36.0'})), outgoing_phis={}, blockstack=(), active_try_block=None, outgoing_edgepushed={40: ()})
Sun, 19 Apr 2026 09:00:18 byteflow.py[line:136] DEBUG block_infos State(pc_initial=40 nstack_initial=0):
AdaptBlockInfo(insts=((40, {'res': '$x40.0'}), (42, {'res': '$const42.1'}), (44, {'index': '$const42.1', 'target': '$x40.0', 'res': '$44binary_subscr.2'}), (46, {'value': '$44binary_subscr.2'}), (48, {'res': '$threshold48.3'}), (50, {'value': '$threshold48.3', 'res': '$50unary_negative.4'}), (52, {'res': '$x152.5'}), (54, {'orig': ['$x152.5'], 'duped': ['$54dup_top.6']}), (58, {'lhs': '$50unary_negative.4', 'rhs': '$x152.5', 'res': '$58compare_op.7'}), (60, {'pred': '$58compare_op.7'})), outgoing_phis={'$phi62.0': '$54dup_top.6'}, blockstack=(), active_try_block=None, outgoing_edgepushed={62: ('$54dup_top.6',), 70: ('$54dup_top.6',)})
Sun, 19 Apr 2026 09:00:18 byteflow.py[line:136] DEBUG block_infos State(pc_initial=62 nstack_initial=1):
AdaptBlockInfo(insts=((62, {'res': '$threshold62.1'}), (64, {'lhs': '$phi62.0', 'rhs': '$threshold62.1', 'res': '$64compare_op.2'}), (66, {'pred': '$64compare_op.2'})), outgoing_phis={}, blockstack=(), active_try_block=None, outgoing_edgepushed={68: (), 78: ()})
Sun, 19 Apr 2026 09:00:18 byteflow.py[line:136] DEBUG block_infos State(pc_initial=68 nstack_initial=0):
AdaptBlockInfo(insts=((68, {}),), outgoing_phis={}, blockstack=(), active_try_block=None, outgoing_edgepushed={74: ()})
Sun, 19 Apr 2026 09:00:18 byteflow.py[line:136] DEBUG block_infos State(pc_initial=70 nstack_initial=1):
AdaptBlockInfo(insts=((72, {}),), outgoing_phis={}, blockstack=(), active_try_block=None, outgoing_edgepushed={78: ()})
Sun, 19 Apr 2026 09:00:18 byteflow.py[line:136] DEBUG block_infos State(pc_initial=74 nstack_initial=0):
AdaptBlockInfo(insts=((74, {'res': '$const74.0'}), (76, {'value': '$const74.0'})), outgoing_phis={}, blockstack=(), active_try_block=None, outgoing_edgepushed={78: ()})
Sun, 19 Apr 2026 09:00:18 byteflow.py[line:136] DEBUG block_infos State(pc_initial=78 nstack_initial=0):
AdaptBlockInfo(insts=((78, {'res': '$zero_pos78.0'}), (80, {'pred': '$zero_pos78.0'})), outgoing_phis={}, blockstack=(), active_try_block=None, outgoing_edgepushed={82: (), 102: ()})
Sun, 19 Apr 2026 09:00:18 byteflow.py[line:136] DEBUG block_infos State(pc_initial=82 nstack_initial=0):
AdaptBlockInfo(insts=((82, {'res': '$82load_global.0'}), (84, {'item': '$82load_global.0', 'res': '$84load_method.1'}), (86, {'res': '$x086.2'}), (88, {'func': '$84load_method.1', 'args': ['$x086.2'], 'res': '$88call_method.3'}), (90, {'res': '$90load_global.4'}), (92, {'item': '$90load_global.4', 'res': '$92load_method.5'}), (94, {'res': '$x194.6'}), (96, {'func': '$92load_method.5', 'args': ['$x194.6'], 'res': '$96call_method.7'}), (98, {'lhs': '$88call_method.3', 'rhs': '$96call_method.7', 'res': '$98compare_op.8'}), (100, {'retval': '$98compare_op.8', 'castval': '$100return_value.9'})), outgoing_phis={}, blockstack=(), active_try_block=None, outgoing_edgepushed={})
Sun, 19 Apr 2026 09:00:18 byteflow.py[line:136] DEBUG block_infos State(pc_initial=102 nstack_initial=0):
AdaptBlockInfo(insts=((102, {'res': '$102load_global.0'}), (104, {'item': '$102load_global.0', 'res': '$104load_method.1'}), (106, {'res': '$x0106.2'}), (108, {'func': '$104load_method.1', 'args': ['$x0106.2'], 'res': '$108call_method.3'}), (110, {'res': '$110load_global.4'}), (112, {'item': '$110load_global.4', 'res': '$112load_method.5'}), (114, {'res': '$x1114.6'}), (116, {'func': '$112load_method.5', 'args': ['$x1114.6'], 'res': '$116call_method.7'}), (118, {'lhs': '$108call_method.3', 'rhs': '$116call_method.7', 'res': '$118compare_op.8'}), (120, {'retval': '$118compare_op.8', 'castval': '$120return_value.9'})), outgoing_phis={}, blockstack=(), active_try_block=None, outgoing_edgepushed={})
Sun, 19 Apr 2026 09:00:18 interpreter.py[line:1390] DEBUG label 0:
    x = arg(0, name=x)                       ['x']
    threshold = arg(1, name=threshold)       ['threshold']
    zero_pos = arg(2, name=zero_pos)         ['zero_pos']
    $const4.1 = const(int, 0)                ['$const4.1']
    x0 = getitem(value=x, index=$const4.1, fn=<built-in function getitem>) ['$const4.1', 'x', 'x0']
    $12unary_negative.4 = unary(fn=<built-in function neg>, value=threshold) ['$12unary_negative.4', 'threshold']
    $20compare_op.7 = $12unary_negative.4 <= x0 ['$12unary_negative.4', '$20compare_op.7', 'x0']
    bool22 = global(bool: <class 'bool'>)    ['bool22']
    $22pred = call bool22($20compare_op.7, func=bool22, args=(Var($20compare_op.7, audio.py:1141),), kws=(), vararg=None, varkwarg=None, target=None) ['$20compare_op.7', '$22pred', 'bool22']
    $phi24.0 = x0                            ['$phi24.0', 'x0']
    branch $22pred, 24, 32                   ['$22pred']
label 24:
    $26compare_op.2 = $phi24.0 <= threshold  ['$26compare_op.2', '$phi24.0', 'threshold']
    bool28 = global(bool: <class 'bool'>)    ['bool28']
    $28pred = call bool28($26compare_op.2, func=bool28, args=(Var($26compare_op.2, audio.py:1141),), kws=(), vararg=None, varkwarg=None, target=None) ['$26compare_op.2', '$28pred', 'bool28']
    branch $28pred, 30, 40                   ['$28pred']
label 30:
    jump 36                                  []
label 32:
    jump 40                                  []
label 36:
    x0 = const(int, 0)                       ['x0']
    jump 40                                  []
label 40:
    $const42.1 = const(int, -1)              ['$const42.1']
    x1 = getitem(value=x, index=$const42.1, fn=<built-in function getitem>) ['$const42.1', 'x', 'x1']
    $50unary_negative.4 = unary(fn=<built-in function neg>, value=threshold) ['$50unary_negative.4', 'threshold']
    $58compare_op.7 = $50unary_negative.4 <= x1 ['$50unary_negative.4', '$58compare_op.7', 'x1']
    bool60 = global(bool: <class 'bool'>)    ['bool60']
    $60pred = call bool60($58compare_op.7, func=bool60, args=(Var($58compare_op.7, audio.py:1145),), kws=(), vararg=None, varkwarg=None, target=None) ['$58compare_op.7', '$60pred', 'bool60']
    $phi62.0 = x1                            ['$phi62.0', 'x1']
    branch $60pred, 62, 70                   ['$60pred']
label 62:
    $64compare_op.2 = $phi62.0 <= threshold  ['$64compare_op.2', '$phi62.0', 'threshold']
    bool66 = global(bool: <class 'bool'>)    ['bool66']
    $66pred = call bool66($64compare_op.2, func=bool66, args=(Var($64compare_op.2, audio.py:1145),), kws=(), vararg=None, varkwarg=None, target=None) ['$64compare_op.2', '$66pred', 'bool66']
    branch $66pred, 68, 78                   ['$66pred']
label 68:
    jump 74                                  []
label 70:
    jump 78                                  []
label 74:
    x1 = const(int, 0)                       ['x1']
    jump 78                                  []
label 78:
    bool80 = global(bool: <class 'bool'>)    ['bool80']
    $80pred = call bool80(zero_pos, func=bool80, args=(Var(zero_pos, audio.py:1137),), kws=(), vararg=None, varkwarg=None, target=None) ['$80pred', 'bool80', 'zero_pos']
    branch $80pred, 82, 102                  ['$80pred']
label 82:
    $82load_global.0 = global(np: <module 'numpy' from '/home/yk/.local/lib/python3.8/site-packages/numpy/__init__.py'>) ['$82load_global.0']
    $84load_method.1 = getattr(value=$82load_global.0, attr=signbit) ['$82load_global.0', '$84load_method.1']
    $88call_method.3 = call $84load_method.1(x0, func=$84load_method.1, args=[Var(x0, audio.py:1140)], kws=(), vararg=None, varkwarg=None, target=None) ['$84load_method.1', '$88call_method.3', 'x0']
    $90load_global.4 = global(np: <module 'numpy' from '/home/yk/.local/lib/python3.8/site-packages/numpy/__init__.py'>) ['$90load_global.4']
    $92load_method.5 = getattr(value=$90load_global.4, attr=signbit) ['$90load_global.4', '$92load_method.5']
    $96call_method.7 = call $92load_method.5(x1, func=$92load_method.5, args=[Var(x1, audio.py:1144)], kws=(), vararg=None, varkwarg=None, target=None) ['$92load_method.5', '$96call_method.7', 'x1']
    $98compare_op.8 = $88call_method.3 != $96call_method.7 ['$88call_method.3', '$96call_method.7', '$98compare_op.8']
    $100return_value.9 = cast(value=$98compare_op.8) ['$100return_value.9', '$98compare_op.8']
    return $100return_value.9                ['$100return_value.9']
label 102:
    $102load_global.0 = global(np: <module 'numpy' from '/home/yk/.local/lib/python3.8/site-packages/numpy/__init__.py'>) ['$102load_global.0']
    $104load_method.1 = getattr(value=$102load_global.0, attr=sign) ['$102load_global.0', '$104load_method.1']
    $108call_method.3 = call $104load_method.1(x0, func=$104load_method.1, args=[Var(x0, audio.py:1140)], kws=(), vararg=None, varkwarg=None, target=None) ['$104load_method.1', '$108call_method.3', 'x0']
    $110load_global.4 = global(np: <module 'numpy' from '/home/yk/.local/lib/python3.8/site-packages/numpy/__init__.py'>) ['$110load_global.4']
    $112load_method.5 = getattr(value=$110load_global.4, attr=sign) ['$110load_global.4', '$112load_method.5']
    $116call_method.7 = call $112load_method.5(x1, func=$112load_method.5, args=[Var(x1, audio.py:1144)], kws=(), vararg=None, varkwarg=None, target=None) ['$112load_method.5', '$116call_method.7', 'x1']
    $118compare_op.8 = $108call_method.3 != $116call_method.7 ['$108call_method.3', '$116call_method.7', '$118compare_op.8']
    $120return_value.9 = cast(value=$118compare_op.8) ['$118compare_op.8', '$120return_value.9']
    return $120return_value.9                ['$120return_value.9']

Sun, 19 Apr 2026 09:40:33 main.py[line:268] INFO Epoch 1/50 (2415.3s) - Train Loss: 1.9227, Train Acc: 0.5036 - Val Loss: 2.6543, Val Acc: 0.0946
Sun, 19 Apr 2026 09:40:36 main.py[line:287] INFO Best model saved! (Val Acc: 0.0946)
Sun, 19 Apr 2026 10:19:13 main.py[line:268] INFO Epoch 2/50 (2316.9s) - Train Loss: 1.6381, Train Acc: 0.5281 - Val Loss: 2.7077, Val Acc: 0.0978
Sun, 19 Apr 2026 10:19:16 main.py[line:287] INFO Best model saved! (Val Acc: 0.0978)
Sun, 19 Apr 2026 10:58:04 main.py[line:268] INFO Epoch 3/50 (2328.1s) - Train Loss: 1.5387, Train Acc: 0.5382 - Val Loss: 2.7637, Val Acc: 0.0912
Sun, 19 Apr 2026 10:58:04 main.py[line:291] INFO   Patience: 1/10
Sun, 19 Apr 2026 11:36:53 main.py[line:268] INFO Epoch 4/50 (2328.9s) - Train Loss: 1.4830, Train Acc: 0.5441 - Val Loss: 2.6288, Val Acc: 0.0920
Sun, 19 Apr 2026 11:36:53 main.py[line:291] INFO   Patience: 2/10
Sun, 19 Apr 2026 12:15:37 main.py[line:268] INFO Epoch 5/50 (2324.3s) - Train Loss: 1.4519, Train Acc: 0.5462 - Val Loss: 2.7345, Val Acc: 0.0847
Sun, 19 Apr 2026 12:15:37 main.py[line:291] INFO   Patience: 3/10
Sun, 19 Apr 2026 12:54:19 main.py[line:268] INFO Epoch 6/50 (2321.4s) - Train Loss: 1.4248, Train Acc: 0.5479 - Val Loss: 2.6964, Val Acc: 0.0965
Sun, 19 Apr 2026 12:54:19 main.py[line:291] INFO   Patience: 4/10
Sun, 19 Apr 2026 13:32:57 main.py[line:268] INFO Epoch 7/50 (2317.9s) - Train Loss: 1.4004, Train Acc: 0.5520 - Val Loss: 2.7927, Val Acc: 0.0899
Sun, 19 Apr 2026 13:32:57 main.py[line:291] INFO   Patience: 5/10
Sun, 19 Apr 2026 14:11:50 main.py[line:268] INFO Epoch 8/50 (2333.6s) - Train Loss: 1.3639, Train Acc: 0.5538 - Val Loss: 2.6896, Val Acc: 0.0983
Sun, 19 Apr 2026 14:11:54 main.py[line:287] INFO Best model saved! (Val Acc: 0.0983)
Sun, 19 Apr 2026 14:51:06 main.py[line:268] INFO Epoch 9/50 (2351.7s) - Train Loss: 1.3610, Train Acc: 0.5597 - Val Loss: 2.6552, Val Acc: 0.0948
Sun, 19 Apr 2026 14:51:06 main.py[line:291] INFO   Patience: 1/10
Sun, 19 Apr 2026 15:30:17 main.py[line:268] INFO Epoch 10/50 (2351.6s) - Train Loss: 1.3464, Train Acc: 0.5597 - Val Loss: 2.6266, Val Acc: 0.1003
Sun, 19 Apr 2026 15:30:21 main.py[line:287] INFO Best model saved! (Val Acc: 0.1003)
Sun, 19 Apr 2026 16:09:23 main.py[line:268] INFO Epoch 11/50 (2339.4s) - Train Loss: 1.3284, Train Acc: 0.5589 - Val Loss: 2.6786, Val Acc: 0.0980
Sun, 19 Apr 2026 16:09:23 main.py[line:291] INFO   Patience: 1/10
Sun, 19 Apr 2026 16:48:14 main.py[line:268] INFO Epoch 12/50 (2330.7s) - Train Loss: 1.3062, Train Acc: 0.5619 - Val Loss: 2.7252, Val Acc: 0.0898
Sun, 19 Apr 2026 16:48:14 main.py[line:291] INFO   Patience: 2/10
Sun, 19 Apr 2026 17:27:04 main.py[line:268] INFO Epoch 13/50 (2330.3s) - Train Loss: 1.3128, Train Acc: 0.5584 - Val Loss: 2.7050, Val Acc: 0.0886
Sun, 19 Apr 2026 17:27:04 main.py[line:291] INFO   Patience: 3/10
Sun, 19 Apr 2026 18:05:56 main.py[line:268] INFO Epoch 14/50 (2332.2s) - Train Loss: 1.2889, Train Acc: 0.5650 - Val Loss: 2.6493, Val Acc: 0.1026
Sun, 19 Apr 2026 18:06:00 main.py[line:287] INFO Best model saved! (Val Acc: 0.1026)
Sun, 19 Apr 2026 18:45:14 main.py[line:268] INFO Epoch 15/50 (2354.2s) - Train Loss: 1.2781, Train Acc: 0.5650 - Val Loss: 2.6817, Val Acc: 0.0938
Sun, 19 Apr 2026 18:45:14 main.py[line:291] INFO   Patience: 1/10
Sun, 19 Apr 2026 19:24:50 main.py[line:268] INFO Epoch 16/50 (2375.9s) - Train Loss: 1.2784, Train Acc: 0.5646 - Val Loss: 2.6330, Val Acc: 0.0981
Sun, 19 Apr 2026 19:24:50 main.py[line:291] INFO   Patience: 2/10
Sun, 19 Apr 2026 20:04:26 main.py[line:268] INFO Epoch 17/50 (2375.8s) - Train Loss: 1.2526, Train Acc: 0.5682 - Val Loss: 2.6734, Val Acc: 0.0934
Sun, 19 Apr 2026 20:04:26 main.py[line:291] INFO   Patience: 3/10
Sun, 19 Apr 2026 20:43:45 main.py[line:268] INFO Epoch 18/50 (2359.0s) - Train Loss: 1.2435, Train Acc: 0.5676 - Val Loss: 2.6191, Val Acc: 0.0991
Sun, 19 Apr 2026 20:43:45 main.py[line:291] INFO   Patience: 4/10
Sun, 19 Apr 2026 21:23:12 main.py[line:268] INFO Epoch 19/50 (2366.6s) - Train Loss: 1.2331, Train Acc: 0.5695 - Val Loss: 2.6709, Val Acc: 0.0937
Sun, 19 Apr 2026 21:23:12 main.py[line:291] INFO   Patience: 5/10
Sun, 19 Apr 2026 22:02:20 main.py[line:268] INFO Epoch 20/50 (2348.5s) - Train Loss: 1.2425, Train Acc: 0.5737 - Val Loss: 2.7071, Val Acc: 0.0929
Sun, 19 Apr 2026 22:02:20 main.py[line:291] INFO   Patience: 6/10
Sun, 19 Apr 2026 22:41:37 main.py[line:268] INFO Epoch 21/50 (2353.5s) - Train Loss: 1.2228, Train Acc: 0.5693 - Val Loss: 2.6743, Val Acc: 0.0929
Sun, 19 Apr 2026 22:41:37 main.py[line:291] INFO   Patience: 7/10
Sun, 19 Apr 2026 23:20:46 main.py[line:268] INFO Epoch 22/50 (2349.4s) - Train Loss: 1.2314, Train Acc: 0.5690 - Val Loss: 2.7247, Val Acc: 0.0892
Sun, 19 Apr 2026 23:20:47 main.py[line:291] INFO   Patience: 8/10
Sun, 19 Apr 2026 23:59:54 main.py[line:268] INFO Epoch 23/50 (2347.2s) - Train Loss: 1.1992, Train Acc: 0.5724 - Val Loss: 2.6629, Val Acc: 0.0974
Sun, 19 Apr 2026 23:59:54 main.py[line:291] INFO   Patience: 9/10
Mon, 20 Apr 2026 00:39:03 main.py[line:268] INFO Epoch 24/50 (2349.3s) - Train Loss: 1.2127, Train Acc: 0.5729 - Val Loss: 2.7408, Val Acc: 0.0883
Mon, 20 Apr 2026 00:39:03 main.py[line:291] INFO   Patience: 10/10
Mon, 20 Apr 2026 00:39:03 main.py[line:306] INFO Early stopping at epoch 24 (patience=10)
Mon, 20 Apr 2026 00:39:03 main.py[line:313] INFO Training history saved to ./workspaces/full_ver_3class/history.json
Mon, 20 Apr 2026 00:39:03 main.py[line:315] INFO Training complete. Best Val Acc: 0.1026
