12:35:39 Device: cuda
12:35:39 Version: eog_a075_g20
12:35:39 Output: /home/sleeptech/sleeptech/project3/resnet/checkpoints/hierarchical/eog_a075_g20
12:35:39 Args: {'version': 'eog_a075_g20', 'data_dir': '../data/data_for_ai/full_ver_3class', 'csv_dir': '../data/data_for_ai/full_ver_rem_nrem', 'epochs': 50, 'batch_size': 128, 'lr': 0.001, 'weight_decay': 0.0001, 'patience': 15, 'focal_alpha': 0.75, 'focal_gamma': 2.0, 'num_workers': 4}
12:35:39 Train: 46185, Val: 15659
12:35:39 Class counts - REM: 2518, NREM: 43667
12:35:39 Sampler weights - REM: 9.17, NREM: 0.53
12:35:40 Model parameters: 168,162
12:35:41 ============================================================
12:35:41 Training started
12:35:41 ============================================================
12:35:49 
Epoch 1/50 (7.8s, lr=0.000999)
12:35:49   Train: loss=0.0521 bal_acc=0.7003
12:35:49           REM: P=0.6355 R=0.9554 F1=0.7633
12:35:49          NREM: P=0.9079 R=0.4452 F1=0.5975
12:35:49          Macro F1: 0.6804
12:35:49   Val  : loss=0.0428 bal_acc=0.7113
12:35:49           REM: P=0.0871 R=0.7955 F1=0.1569
12:35:49          NREM: P=0.9856 R=0.6271 F1=0.7665
12:35:49          Macro F1: 0.4617
12:35:49   Val CM: [[533, 137], [5589, 9400]]
12:35:49   >> New best! Macro F1=0.4617
12:35:56 
Epoch 2/50 (7.3s, lr=0.000996)
12:35:56   Train: loss=0.0457 bal_acc=0.7446
12:35:56           REM: P=0.6753 R=0.9539 F1=0.7908
12:35:56          NREM: P=0.9197 R=0.5354 F1=0.6768
12:35:56          Macro F1: 0.7338
12:35:56   Val  : loss=0.0377 bal_acc=0.7327
12:35:56           REM: P=0.1132 R=0.7164 F1=0.1954
12:35:56          NREM: P=0.9834 R=0.7490 F1=0.8503
12:35:56          Macro F1: 0.5229
12:35:56   Val CM: [[480, 190], [3762, 11227]]
12:35:56   >> New best! Macro F1=0.5229
12:36:04 
Epoch 3/50 (7.5s, lr=0.000991)
12:36:04   Train: loss=0.0431 bal_acc=0.7626
12:36:04           REM: P=0.6889 R=0.9526 F1=0.7996
12:36:04          NREM: P=0.9240 R=0.5725 F1=0.7070
12:36:04          Macro F1: 0.7533
12:36:04   Val  : loss=0.0490 bal_acc=0.7153
12:36:04           REM: P=0.0872 R=0.8090 F1=0.1575
12:36:04          NREM: P=0.9864 R=0.6217 F1=0.7627
12:36:04          Macro F1: 0.4601
12:36:04   Val CM: [[542, 128], [5671, 9318]]
12:36:04   Patience: 1/15
12:36:11 
Epoch 4/50 (7.4s, lr=0.000984)
12:36:11   Train: loss=0.0415 bal_acc=0.7752
12:36:11           REM: P=0.7015 R=0.9516 F1=0.8077
12:36:11          NREM: P=0.9259 R=0.5989 F1=0.7273
12:36:11          Macro F1: 0.7675
12:36:11   Val  : loss=0.0406 bal_acc=0.7340
12:36:11           REM: P=0.1025 R=0.7687 F1=0.1810
12:36:11          NREM: P=0.9854 R=0.6993 F1=0.8181
12:36:11          Macro F1: 0.4995
12:36:11   Val CM: [[515, 155], [4507, 10482]]
12:36:11   Patience: 2/15
12:36:18 
Epoch 5/50 (7.3s, lr=0.000976)
12:36:19   Train: loss=0.0387 bal_acc=0.7965
12:36:19           REM: P=0.7260 R=0.9589 F1=0.8264
12:36:19          NREM: P=0.9384 R=0.6340 F1=0.7568
12:36:19          Macro F1: 0.7916
12:36:19   Val  : loss=0.0451 bal_acc=0.7429
12:36:19           REM: P=0.1053 R=0.7836 F1=0.1856
12:36:19          NREM: P=0.9864 R=0.7022 F1=0.8204
12:36:19          Macro F1: 0.5030
12:36:19   Val CM: [[525, 145], [4463, 10526]]
12:36:19   Patience: 3/15
12:36:26 
Epoch 6/50 (7.5s, lr=0.000965)
12:36:26   Train: loss=0.0373 bal_acc=0.8067
12:36:26           REM: P=0.7312 R=0.9616 F1=0.8307
12:36:26          NREM: P=0.9451 R=0.6517 F1=0.7715
12:36:26          Macro F1: 0.8011
12:36:26   Val  : loss=0.0399 bal_acc=0.7445
12:36:26           REM: P=0.1197 R=0.7284 F1=0.2056
12:36:26          NREM: P=0.9843 R=0.7606 F1=0.8581
12:36:26          Macro F1: 0.5318
12:36:26   Val CM: [[488, 182], [3589, 11400]]
12:36:26   >> New best! Macro F1=0.5318
12:36:33 
Epoch 7/50 (7.5s, lr=0.000952)
12:36:33   Train: loss=0.0358 bal_acc=0.8159
12:36:33           REM: P=0.7429 R=0.9641 F1=0.8392
12:36:33          NREM: P=0.9492 R=0.6677 F1=0.7839
12:36:33          Macro F1: 0.8116
12:36:33   Val  : loss=0.0442 bal_acc=0.7421
12:36:33           REM: P=0.1173 R=0.7299 F1=0.2021
12:36:33          NREM: P=0.9842 R=0.7544 F1=0.8541
12:36:33          Macro F1: 0.5281
12:36:33   Val CM: [[489, 181], [3681, 11308]]
12:36:33   Patience: 1/15
12:36:41 
Epoch 8/50 (7.4s, lr=0.000938)
12:36:41   Train: loss=0.0349 bal_acc=0.8215
12:36:41           REM: P=0.7482 R=0.9669 F1=0.8436
12:36:41          NREM: P=0.9535 R=0.6761 F1=0.7912
12:36:41          Macro F1: 0.8174
12:36:41   Val  : loss=0.0335 bal_acc=0.7322
12:36:41           REM: P=0.1960 R=0.5687 F1=0.2915
12:36:41          NREM: P=0.9789 R=0.8957 F1=0.9355
12:36:41          Macro F1: 0.6135
12:36:41   Val CM: [[381, 289], [1563, 13426]]
12:36:41   >> New best! Macro F1=0.6135
12:36:48 
Epoch 9/50 (7.4s, lr=0.000922)
12:36:48   Train: loss=0.0330 bal_acc=0.8326
12:36:48           REM: P=0.7590 R=0.9697 F1=0.8515
12:36:48          NREM: P=0.9587 R=0.6956 F1=0.8062
12:36:48          Macro F1: 0.8289
12:36:48   Val  : loss=0.0394 bal_acc=0.7440
12:36:48           REM: P=0.1315 R=0.6925 F1=0.2210
12:36:48          NREM: P=0.9830 R=0.7955 F1=0.8794
12:36:48          Macro F1: 0.5502
12:36:48   Val CM: [[464, 206], [3065, 11924]]
12:36:48   Patience: 1/15
12:36:56 
Epoch 10/50 (7.4s, lr=0.000905)
12:36:56   Train: loss=0.0312 bal_acc=0.8413
12:36:56           REM: P=0.7711 R=0.9713 F1=0.8597
12:36:56          NREM: P=0.9612 R=0.7112 F1=0.8175
12:36:56          Macro F1: 0.8386
12:36:56   Val  : loss=0.0398 bal_acc=0.7291
12:36:56           REM: P=0.1590 R=0.6000 F1=0.2514
12:36:56          NREM: P=0.9796 R=0.8582 F1=0.9149
12:36:56          Macro F1: 0.5831
12:36:56   Val CM: [[402, 268], [2126, 12863]]
12:36:56   Patience: 2/15
12:37:03 
Epoch 11/50 (7.4s, lr=0.000885)
12:37:03   Train: loss=0.0310 bal_acc=0.8445
12:37:03           REM: P=0.7755 R=0.9727 F1=0.8630
12:37:03          NREM: P=0.9630 R=0.7164 F1=0.8216
12:37:03          Macro F1: 0.8423
12:37:03   Val  : loss=0.0367 bal_acc=0.7514
12:37:03           REM: P=0.1712 R=0.6418 F1=0.2703
12:37:03          NREM: P=0.9817 R=0.8611 F1=0.9175
12:37:03          Macro F1: 0.5939
12:37:03   Val CM: [[430, 240], [2082, 12907]]
12:37:03   Patience: 3/15
12:37:10 
Epoch 12/50 (7.4s, lr=0.000864)
12:37:10   Train: loss=0.0302 bal_acc=0.8489
12:37:10           REM: P=0.7795 R=0.9738 F1=0.8659
12:37:10          NREM: P=0.9650 R=0.7240 F1=0.8273
12:37:10          Macro F1: 0.8466
12:37:10   Val  : loss=0.0431 bal_acc=0.7458
12:37:10           REM: P=0.1311 R=0.6985 F1=0.2208
12:37:10          NREM: P=0.9833 R=0.7931 F1=0.8780
12:37:10          Macro F1: 0.5494
12:37:10   Val CM: [[468, 202], [3101, 11888]]
12:37:10   Patience: 4/15
12:37:18 
Epoch 13/50 (7.4s, lr=0.000842)
12:37:18   Train: loss=0.0286 bal_acc=0.8601
12:37:18           REM: P=0.7936 R=0.9752 F1=0.8751
12:37:18          NREM: P=0.9676 R=0.7451 F1=0.8419
12:37:18          Macro F1: 0.8585
12:37:18   Val  : loss=0.0356 bal_acc=0.7308
12:37:18           REM: P=0.1360 R=0.6448 F1=0.2246
12:37:18          NREM: P=0.9809 R=0.8169 F1=0.8914
12:37:18          Macro F1: 0.5580
12:37:18   Val CM: [[432, 238], [2745, 12244]]
12:37:18   Patience: 5/15
12:37:25 
Epoch 14/50 (7.5s, lr=0.000819)
12:37:25   Train: loss=0.0278 bal_acc=0.8622
12:37:25           REM: P=0.7944 R=0.9784 F1=0.8769
12:37:25          NREM: P=0.9718 R=0.7459 F1=0.8440
12:37:25          Macro F1: 0.8604
12:37:25   Val  : loss=0.0521 bal_acc=0.7343
12:37:25           REM: P=0.1054 R=0.7552 F1=0.1850
12:37:25          NREM: P=0.9849 R=0.7135 F1=0.8275
12:37:25          Macro F1: 0.5062
12:37:25   Val CM: [[506, 164], [4295, 10694]]
12:37:25   Patience: 6/15
12:37:33 
Epoch 15/50 (7.5s, lr=0.000794)
12:37:33   Train: loss=0.0277 bal_acc=0.8632
12:37:33           REM: P=0.7971 R=0.9770 F1=0.8779
12:37:33          NREM: P=0.9700 R=0.7495 F1=0.8456
12:37:33          Macro F1: 0.8618
12:37:33   Val  : loss=0.0491 bal_acc=0.7485
12:37:33           REM: P=0.1243 R=0.7254 F1=0.2123
12:37:33          NREM: P=0.9843 R=0.7716 F1=0.8651
12:37:33          Macro F1: 0.5387
12:37:33   Val CM: [[486, 184], [3423, 11566]]
12:37:33   Patience: 7/15
12:37:40 
Epoch 16/50 (7.4s, lr=0.000768)
12:37:40   Train: loss=0.0265 bal_acc=0.8716
12:37:40           REM: P=0.8033 R=0.9784 F1=0.8822
12:37:40          NREM: P=0.9730 R=0.7648 F1=0.8564
12:37:40          Macro F1: 0.8693
12:37:40   Val  : loss=0.0419 bal_acc=0.7438
12:37:40           REM: P=0.1569 R=0.6418 F1=0.2521
12:37:40          NREM: P=0.9814 R=0.8458 F1=0.9086
12:37:40          Macro F1: 0.5804
12:37:40   Val CM: [[430, 240], [2311, 12678]]
12:37:40   Patience: 8/15
12:37:48 
Epoch 17/50 (7.4s, lr=0.000741)
12:37:48   Train: loss=0.0258 bal_acc=0.8755
12:37:48           REM: P=0.8125 R=0.9795 F1=0.8882
12:37:48          NREM: P=0.9738 R=0.7715 F1=0.8609
12:37:48          Macro F1: 0.8746
12:37:48   Val  : loss=0.0461 bal_acc=0.7356
12:37:48           REM: P=0.1279 R=0.6776 F1=0.2152
12:37:48          NREM: P=0.9822 R=0.7935 F1=0.8778
12:37:48          Macro F1: 0.5465
12:37:48   Val CM: [[454, 216], [3095, 11894]]
12:37:48   Patience: 9/15
12:37:55 
Epoch 18/50 (7.4s, lr=0.000713)
12:37:55   Train: loss=0.0247 bal_acc=0.8815
12:37:55           REM: P=0.8178 R=0.9807 F1=0.8919
12:37:55          NREM: P=0.9761 R=0.7823 F1=0.8685
12:37:55          Macro F1: 0.8802
12:37:55   Val  : loss=0.0501 bal_acc=0.7486
12:37:55           REM: P=0.1476 R=0.6701 F1=0.2420
12:37:55          NREM: P=0.9825 R=0.8271 F1=0.8981
12:37:55          Macro F1: 0.5700
12:37:55   Val CM: [[449, 221], [2592, 12397]]
12:37:55   Patience: 10/15
12:38:03 
Epoch 19/50 (7.4s, lr=0.000684)
12:38:03   Train: loss=0.0240 bal_acc=0.8846
12:38:03           REM: P=0.8191 R=0.9807 F1=0.8926
12:38:03          NREM: P=0.9766 R=0.7886 F1=0.8726
12:38:03          Macro F1: 0.8826
12:38:03   Val  : loss=0.0490 bal_acc=0.7411
12:38:03           REM: P=0.1562 R=0.6358 F1=0.2507
12:38:03          NREM: P=0.9811 R=0.8464 F1=0.9088
12:38:03          Macro F1: 0.5798
12:38:03   Val CM: [[426, 244], [2302, 12687]]
12:38:03   Patience: 11/15
12:38:10 
Epoch 20/50 (7.4s, lr=0.000655)
12:38:10   Train: loss=0.0240 bal_acc=0.8843
12:38:10           REM: P=0.8212 R=0.9824 F1=0.8946
12:38:10          NREM: P=0.9781 R=0.7861 F1=0.8717
12:38:10          Macro F1: 0.8831
12:38:10   Val  : loss=0.0391 bal_acc=0.7428
12:38:10           REM: P=0.1456 R=0.6582 F1=0.2385
12:38:10          NREM: P=0.9819 R=0.8274 F1=0.8980
12:38:10          Macro F1: 0.5683
12:38:10   Val CM: [[441, 229], [2587, 12402]]
12:38:10   Patience: 12/15
12:38:17 
Epoch 21/50 (7.4s, lr=0.000624)
12:38:17   Train: loss=0.0229 bal_acc=0.8918
12:38:17           REM: P=0.8296 R=0.9832 F1=0.8999
12:38:17          NREM: P=0.9797 R=0.8005 F1=0.8811
12:38:17          Macro F1: 0.8905
12:38:17   Val  : loss=0.0605 bal_acc=0.7425
12:38:17           REM: P=0.1188 R=0.7254 F1=0.2042
12:38:17          NREM: P=0.9841 R=0.7596 F1=0.8574
12:38:17          Macro F1: 0.5308
12:38:17   Val CM: [[486, 184], [3604, 11385]]
12:38:17   Patience: 13/15
12:38:25 
Epoch 22/50 (7.3s, lr=0.000594)
12:38:25   Train: loss=0.0224 bal_acc=0.8950
12:38:25           REM: P=0.8357 R=0.9834 F1=0.9035
12:38:25          NREM: P=0.9798 R=0.8066 F1=0.8848
12:38:25          Macro F1: 0.8942
12:38:25   Val  : loss=0.0455 bal_acc=0.7412
12:38:25           REM: P=0.1534 R=0.6403 F1=0.2475
12:38:25          NREM: P=0.9813 R=0.8420 F1=0.9063
12:38:25          Macro F1: 0.5769
12:38:25   Val CM: [[429, 241], [2368, 12621]]
12:38:25   Patience: 14/15
12:38:32 
Epoch 23/50 (7.5s, lr=0.000563)
12:38:32   Train: loss=0.0222 bal_acc=0.8970
12:38:32           REM: P=0.8387 R=0.9852 F1=0.9061
12:38:32          NREM: P=0.9819 R=0.8088 F1=0.8870
12:38:32          Macro F1: 0.8965
12:38:32   Val  : loss=0.0551 bal_acc=0.7512
12:38:32           REM: P=0.1212 R=0.7433 F1=0.2084
12:38:32          NREM: P=0.9851 R=0.7590 F1=0.8574
12:38:32          Macro F1: 0.5329
12:38:32   Val CM: [[498, 172], [3612, 11377]]
12:38:32   Patience: 15/15
12:38:32 Early stopping at epoch 23 (patience=15)
12:38:32 
============================================================
12:38:32 Training complete
12:38:32 Best val Macro F1: 0.6135
12:38:32 ============================================================
12:38:32 History saved to /home/sleeptech/sleeptech/project3/resnet/checkpoints/hierarchical/eog_a075_g20/training/stage2_history.json
12:38:32 Args saved to /home/sleeptech/sleeptech/project3/resnet/checkpoints/hierarchical/eog_a075_g20/training/stage2_args.json
