01:59:07 Device: cuda
01:59:07 Version: v2
01:59:07 Output: checkpoints/hierarchical/v2
01:59:07 Args: {'version': 'v2', 'data_dir': '../data/data_for_ai/full_ver_3class', 'csv_dir': '../data/data_for_ai/full_ver_rem_nrem', 'epochs': 50, 'batch_size': 128, 'lr': 0.001, 'weight_decay': 0.0001, 'patience': 15, 'focal_alpha': 0.75, 'focal_gamma': 3.0, 'num_workers': 4}
01:59:07 Train: 46185, Val: 15659
01:59:07 Class counts - REM: 2518, NREM: 43667
01:59:07 Sampler weights - REM: 9.17, NREM: 0.53
01:59:07 Model parameters: 168,162
01:59:07 ============================================================
01:59:07 Training started
01:59:07 ============================================================
02:03:49 
Epoch 1/50 (281.7s, lr=0.000999)
02:03:49   Train: loss=0.0268 bal_acc=0.6950
02:03:49           REM: P=0.6310 R=0.9555 F1=0.7601
02:03:49          NREM: P=0.9061 R=0.4344 F1=0.5873
02:03:49          Macro F1: 0.6737
02:03:49   Val  : loss=0.0307 bal_acc=0.6697
02:03:49           REM: P=0.0686 R=0.8642 F1=0.1270
02:03:49          NREM: P=0.9874 R=0.4752 F1=0.6416
02:03:49          Macro F1: 0.3843
02:03:49   Val CM: [[579, 91], [7866, 7123]]
02:03:49   >> New best! Macro F1=0.3843
02:06:04 
Epoch 2/50 (134.8s, lr=0.000996)
02:06:04   Train: loss=0.0234 bal_acc=0.7438
02:06:04           REM: P=0.6684 R=0.9535 F1=0.7859
02:06:04          NREM: P=0.9210 R=0.5341 F1=0.6761
02:06:04          Macro F1: 0.7310
02:06:04   Val  : loss=0.0192 bal_acc=0.7538
02:06:04           REM: P=0.1025 R=0.8343 F1=0.1825
02:06:04          NREM: P=0.9891 R=0.6734 F1=0.8013
02:06:04          Macro F1: 0.4919
02:06:04   Val CM: [[559, 111], [4896, 10093]]
02:06:04   >> New best! Macro F1=0.4919
02:07:25 
Epoch 3/50 (80.8s, lr=0.000991)
02:07:25   Train: loss=0.0222 bal_acc=0.7601
02:07:25           REM: P=0.6872 R=0.9547 F1=0.7992
02:07:25          NREM: P=0.9258 R=0.5656 F1=0.7022
02:07:25          Macro F1: 0.7507
02:07:25   Val  : loss=0.0317 bal_acc=0.7102
02:07:25           REM: P=0.0777 R=0.8955 F1=0.1430
02:07:25          NREM: P=0.9912 R=0.5248 F1=0.6862
02:07:25          Macro F1: 0.4146
02:07:25   Val CM: [[600, 70], [7123, 7866]]
02:07:25   Patience: 1/15
02:08:12 
Epoch 4/50 (47.5s, lr=0.000984)
02:08:12   Train: loss=0.0209 bal_acc=0.7837
02:08:12           REM: P=0.7078 R=0.9581 F1=0.8142
02:08:12          NREM: P=0.9364 R=0.6093 F1=0.7383
02:08:12          Macro F1: 0.7762
02:08:12   Val  : loss=0.0236 bal_acc=0.7405
02:08:12           REM: P=0.1016 R=0.7955 F1=0.1802
02:08:12          NREM: P=0.9868 R=0.6855 F1=0.8090
02:08:12          Macro F1: 0.4946
02:08:12   Val CM: [[533, 137], [4714, 10275]]
02:08:12   >> New best! Macro F1=0.4946
02:08:42 
Epoch 5/50 (30.0s, lr=0.000976)
02:08:42   Train: loss=0.0202 bal_acc=0.7898
02:08:42           REM: P=0.7151 R=0.9606 F1=0.8199
02:08:42          NREM: P=0.9404 R=0.6189 F1=0.7465
02:08:42          Macro F1: 0.7832
02:08:42   Val  : loss=0.0202 bal_acc=0.7423
02:08:42           REM: P=0.1035 R=0.7910 F1=0.1830
02:08:42          NREM: P=0.9867 R=0.6936 F1=0.8146
02:08:42          Macro F1: 0.4988
02:08:42   Val CM: [[530, 140], [4593, 10396]]
02:08:42   >> New best! Macro F1=0.4988
02:09:01 
Epoch 6/50 (18.4s, lr=0.000965)
02:09:01   Train: loss=0.0193 bal_acc=0.7972
02:09:01           REM: P=0.7260 R=0.9629 F1=0.8278
02:09:01          NREM: P=0.9438 R=0.6316 F1=0.7567
02:09:01          Macro F1: 0.7923
02:09:01   Val  : loss=0.0209 bal_acc=0.7504
02:09:01           REM: P=0.1197 R=0.7463 F1=0.2063
02:09:01          NREM: P=0.9852 R=0.7546 F1=0.8546
02:09:01          Macro F1: 0.5304
02:09:01   Val CM: [[500, 170], [3678, 11311]]
02:09:01   >> New best! Macro F1=0.5304
02:09:15 
Epoch 7/50 (14.0s, lr=0.000952)
02:09:15   Train: loss=0.0187 bal_acc=0.8094
02:09:15           REM: P=0.7359 R=0.9647 F1=0.8349
02:09:15          NREM: P=0.9488 R=0.6542 F1=0.7744
02:09:15          Macro F1: 0.8047
02:09:15   Val  : loss=0.0164 bal_acc=0.7463
02:09:15           REM: P=0.1928 R=0.6060 F1=0.2925
02:09:15          NREM: P=0.9805 R=0.8866 F1=0.9312
02:09:15          Macro F1: 0.6118
02:09:15   Val CM: [[406, 264], [1700, 13289]]
02:09:15   >> New best! Macro F1=0.6118
02:09:25 
Epoch 8/50 (10.2s, lr=0.000938)
02:09:25   Train: loss=0.0181 bal_acc=0.8184
02:09:25           REM: P=0.7427 R=0.9663 F1=0.8399
02:09:25          NREM: P=0.9529 R=0.6704 F1=0.7871
02:09:25          Macro F1: 0.8135
02:09:25   Val  : loss=0.0208 bal_acc=0.7475
02:09:25           REM: P=0.1238 R=0.7239 F1=0.2115
02:09:25          NREM: P=0.9842 R=0.7710 F1=0.8647
02:09:25          Macro F1: 0.5381
02:09:25   Val CM: [[485, 185], [3432, 11557]]
02:09:25   Patience: 1/15
02:09:34 
Epoch 9/50 (9.3s, lr=0.000922)
02:09:34   Train: loss=0.0170 bal_acc=0.8293
02:09:34           REM: P=0.7605 R=0.9694 F1=0.8524
02:09:34          NREM: P=0.9568 R=0.6891 F1=0.8012
02:09:34          Macro F1: 0.8268
02:09:34   Val  : loss=0.0248 bal_acc=0.7519
02:09:34           REM: P=0.1611 R=0.6567 F1=0.2587
02:09:34          NREM: P=0.9822 R=0.8471 F1=0.9097
02:09:34          Macro F1: 0.5842
02:09:34   Val CM: [[440, 230], [2292, 12697]]
02:09:34   Patience: 2/15
02:09:43 
Epoch 10/50 (9.2s, lr=0.000905)
02:09:43   Train: loss=0.0169 bal_acc=0.8325
02:09:43           REM: P=0.7608 R=0.9694 F1=0.8525
02:09:43          NREM: P=0.9579 R=0.6956 F1=0.8059
02:09:43          Macro F1: 0.8292
02:09:43   Val  : loss=0.0215 bal_acc=0.7447
02:09:43           REM: P=0.1208 R=0.7254 F1=0.2071
02:09:43          NREM: P=0.9842 R=0.7640 F1=0.8602
02:09:43          Macro F1: 0.5336
02:09:43   Val CM: [[486, 184], [3538, 11451]]
02:09:43   Patience: 3/15
02:09:52 
Epoch 11/50 (8.2s, lr=0.000885)
02:09:52   Train: loss=0.0161 bal_acc=0.8398
02:09:52           REM: P=0.7681 R=0.9718 F1=0.8580
02:09:52          NREM: P=0.9618 R=0.7079 F1=0.8156
02:09:52          Macro F1: 0.8368
02:09:52   Val  : loss=0.0268 bal_acc=0.7631
02:09:52           REM: P=0.1228 R=0.7731 F1=0.2119
02:09:52          NREM: P=0.9867 R=0.7532 F1=0.8543
02:09:52          Macro F1: 0.5331
02:09:52   Val CM: [[518, 152], [3700, 11289]]
02:09:52   Patience: 4/15
02:10:00 
Epoch 12/50 (8.4s, lr=0.000864)
02:10:00   Train: loss=0.0154 bal_acc=0.8519
02:10:00           REM: P=0.7823 R=0.9744 F1=0.8678
02:10:00          NREM: P=0.9662 R=0.7294 F1=0.8313
02:10:00          Macro F1: 0.8496
02:10:00   Val  : loss=0.0311 bal_acc=0.7611
02:10:00           REM: P=0.1211 R=0.7731 F1=0.2093
02:10:00          NREM: P=0.9866 R=0.7491 F1=0.8516
02:10:00          Macro F1: 0.5305
02:10:00   Val CM: [[518, 152], [3761, 11228]]
02:10:00   Patience: 5/15
02:10:08 
Epoch 13/50 (7.6s, lr=0.000842)
02:10:08   Train: loss=0.0152 bal_acc=0.8521
02:10:08           REM: P=0.7826 R=0.9762 F1=0.8687
02:10:08          NREM: P=0.9682 R=0.7280 F1=0.8311
02:10:08          Macro F1: 0.8499
02:10:08   Val  : loss=0.0175 bal_acc=0.7490
02:10:08           REM: P=0.1652 R=0.6433 F1=0.2629
02:10:08          NREM: P=0.9817 R=0.8547 F1=0.9138
02:10:08          Macro F1: 0.5883
02:10:08   Val CM: [[431, 239], [2178, 12811]]
02:10:08   Patience: 6/15
02:10:16 
Epoch 14/50 (8.0s, lr=0.000819)
02:10:16   Train: loss=0.0150 bal_acc=0.8551
02:10:16           REM: P=0.7873 R=0.9781 F1=0.8724
02:10:16          NREM: P=0.9706 R=0.7321 F1=0.8347
02:10:16          Macro F1: 0.8535
02:10:16   Val  : loss=0.0362 bal_acc=0.7321
02:10:16           REM: P=0.1123 R=0.7179 F1=0.1942
02:10:16          NREM: P=0.9834 R=0.7463 F1=0.8486
02:10:16          Macro F1: 0.5214
02:10:16   Val CM: [[481, 189], [3803, 11186]]
02:10:16   Patience: 7/15
02:10:24 
Epoch 15/50 (7.9s, lr=0.000794)
02:10:24   Train: loss=0.0142 bal_acc=0.8651
02:10:24           REM: P=0.7990 R=0.9789 F1=0.8798
02:10:24          NREM: P=0.9724 R=0.7513 F1=0.8477
02:10:24          Macro F1: 0.8638
02:10:24   Val  : loss=0.0265 bal_acc=0.7216
02:10:24           REM: P=0.1338 R=0.6239 F1=0.2203
02:10:24          NREM: P=0.9799 R=0.8194 F1=0.8925
02:10:24          Macro F1: 0.5564
02:10:24   Val CM: [[418, 252], [2707, 12282]]
02:10:24   Patience: 8/15
02:10:31 
Epoch 16/50 (7.8s, lr=0.000768)
02:10:31   Train: loss=0.0144 bal_acc=0.8605
02:10:31           REM: P=0.7902 R=0.9791 F1=0.8746
02:10:31          NREM: P=0.9728 R=0.7420 F1=0.8418
02:10:31          Macro F1: 0.8582
02:10:31   Val  : loss=0.0286 bal_acc=0.7493
02:10:31           REM: P=0.1136 R=0.7657 F1=0.1978
02:10:31          NREM: P=0.9859 R=0.7329 F1=0.8408
02:10:31          Macro F1: 0.5193
02:10:31   Val CM: [[513, 157], [4004, 10985]]
02:10:31   Patience: 9/15
02:10:40 
Epoch 17/50 (8.2s, lr=0.000741)
02:10:40   Train: loss=0.0135 bal_acc=0.8732
02:10:40           REM: P=0.8073 R=0.9801 F1=0.8853
02:10:40          NREM: P=0.9747 R=0.7664 F1=0.8581
02:10:40          Macro F1: 0.8717
02:10:40   Val  : loss=0.0289 bal_acc=0.7593
02:10:40           REM: P=0.1175 R=0.7806 F1=0.2043
02:10:40          NREM: P=0.9869 R=0.7380 F1=0.8445
02:10:40          Macro F1: 0.5244
02:10:40   Val CM: [[523, 147], [3927, 11062]]
02:10:40   Patience: 10/15
02:10:48 
Epoch 18/50 (8.2s, lr=0.000713)
02:10:48   Train: loss=0.0133 bal_acc=0.8767
02:10:48           REM: P=0.8110 R=0.9809 F1=0.8879
02:10:48          NREM: P=0.9760 R=0.7724 F1=0.8624
02:10:48          Macro F1: 0.8751
02:10:48   Val  : loss=0.0252 bal_acc=0.7380
02:10:48           REM: P=0.1700 R=0.6090 F1=0.2658
02:10:48          NREM: P=0.9802 R=0.8671 F1=0.9202
02:10:48          Macro F1: 0.5930
02:10:48   Val CM: [[408, 262], [1992, 12997]]
02:10:48   Patience: 11/15
02:10:55 
Epoch 19/50 (7.7s, lr=0.000684)
02:10:55   Train: loss=0.0130 bal_acc=0.8782
02:10:55           REM: P=0.8114 R=0.9810 F1=0.8882
02:10:55          NREM: P=0.9765 R=0.7753 F1=0.8644
02:10:55          Macro F1: 0.8763
02:10:55   Val  : loss=0.0333 bal_acc=0.7423
02:10:55           REM: P=0.1634 R=0.6284 F1=0.2593
02:10:55          NREM: P=0.9810 R=0.8562 F1=0.9143
02:10:55          Macro F1: 0.5868
02:10:55   Val CM: [[421, 249], [2156, 12833]]
02:10:55   Patience: 12/15
02:11:03 
Epoch 20/50 (7.8s, lr=0.000655)
02:11:03   Train: loss=0.0128 bal_acc=0.8810
02:11:03           REM: P=0.8163 R=0.9810 F1=0.8911
02:11:03          NREM: P=0.9764 R=0.7810 F1=0.8679
02:11:03          Macro F1: 0.8795
02:11:03   Val  : loss=0.0243 bal_acc=0.7382
02:11:03           REM: P=0.1691 R=0.6104 F1=0.2648
02:11:03          NREM: P=0.9803 R=0.8659 F1=0.9196
02:11:03          Macro F1: 0.5922
02:11:03   Val CM: [[409, 261], [2010, 12979]]
02:11:03   Patience: 13/15
02:11:11 
Epoch 21/50 (8.0s, lr=0.000624)
02:11:11   Train: loss=0.0126 bal_acc=0.8809
02:11:11           REM: P=0.8185 R=0.9825 F1=0.8930
02:11:11          NREM: P=0.9777 R=0.7793 F1=0.8673
02:11:11          Macro F1: 0.8802
02:11:11   Val  : loss=0.0278 bal_acc=0.7270
02:11:11           REM: P=0.1689 R=0.5821 F1=0.2618
02:11:11          NREM: P=0.9790 R=0.8720 F1=0.9224
02:11:11          Macro F1: 0.5921
02:11:11   Val CM: [[390, 280], [1919, 13070]]
02:11:11   Patience: 14/15
02:11:19 
Epoch 22/50 (7.7s, lr=0.000594)
02:11:19   Train: loss=0.0122 bal_acc=0.8853
02:11:19           REM: P=0.8243 R=0.9837 F1=0.8969
02:11:19          NREM: P=0.9794 R=0.7870 F1=0.8727
02:11:19          Macro F1: 0.8848
02:11:19   Val  : loss=0.0325 bal_acc=0.7358
02:11:19           REM: P=0.1567 R=0.6209 F1=0.2503
02:11:19          NREM: P=0.9805 R=0.8507 F1=0.9110
02:11:19          Macro F1: 0.5806
02:11:19   Val CM: [[416, 254], [2238, 12751]]
02:11:19   Patience: 15/15
02:11:19 Early stopping at epoch 22 (patience=15)
02:11:19 
============================================================
02:11:19 Training complete
02:11:19 Best val Macro F1: 0.6118
02:11:19 ============================================================
02:11:19 History saved to checkpoints/hierarchical/v2/training/stage2_history.json
02:11:19 Args saved to checkpoints/hierarchical/v2/training/stage2_args.json
